===== ANALYST laguna 2026-09-03 14:23:21 UTC =====
[91m[1mError: [0m{
  "name": "UnknownError",
  "data": {
    "message": "Unexpected server error. Check server logs for details.",
    "ref": "err_d703af90"
  }
}
===== ANALYST laguna 2026-09-03 15:21:33 UTC =====
[91m[1mError: [0m{
  "name": "UnknownError",
  "data": {
    "message": "Unexpected server error. Check server logs for details.",
    "ref": "err_24ee992f"
  }
}
===== ANALYST laguna 2026-09-03 18:48:37 UTC =====
[91m[1mError: [0m{
  "name": "UnknownError",
  "data": {
    "message": "Unexpected server error. Check server logs for details.",
    "ref": "err_48a19f00"
  }
}
===== ANALYST laguna 2026-09-03 21:22:00 UTC =====
[91m[1mError: [0m{
  "name": "UnknownError",
  "data": {
    "message": "Unexpected server error. Check server logs for details.",
    "ref": "err_eba71745"
  }
}
===== ANALYST laguna 2026-09-03 23:24:23 UTC =====
[91m[1mError: [0m{
  "name": "UnknownError",
  "data": {
    "message": "Unexpected server error. Check server logs for details.",
    "ref": "err_83368714"
  }
}
===== ANALYST laguna 2026-09-04 01:12:26 UTC =====
[91m[1mError: [0m{
  "name": "UnknownError",
  "data": {
    "message": "Unexpected server error. Check server logs for details.",
    "ref": "err_b81d0b2a"
  }
}
===== ANALYST laguna 2026-09-04 06:00:56 UTC =====
[91m[1mError: [0m{
  "name": "UnknownError",
  "data": {
    "message": "Unexpected server error. Check server logs for details.",
    "ref": "err_74a7ecc7"
  }
}
===== ANALYST laguna 2026-09-04 10:12:15 UTC =====
[91m[1mError: [0m{
  "name": "UnknownError",
  "data": {
    "message": "Unexpected server error. Check server logs for details.",
    "ref": "err_dd93d59f"
  }
}
===== ANALYST laguna 2026-09-04 14:25:07 UTC =====
[91m[1mError: [0m{
  "name": "UnknownError",
  "data": {
    "message": "Unexpected server error. Check server logs for details.",
    "ref": "err_ee13bcd6"
  }
}
===== ANALYST laguna 2026-09-04 17:51:04 UTC =====
[91m[1mError: [0m{
  "name": "UnknownError",
  "data": {
    "message": "Unexpected server error. Check server logs for details.",
    "ref": "err_487bd2ce"
  }
}
===== ANALYST laguna 2026-09-04 20:04:20 UTC =====
[91m[1mError: [0m{
  "name": "UnknownError",
  "data": {
    "message": "Unexpected server error. Check server logs for details.",
    "ref": "err_42ae3c06"
  }
}
===== ANALYST laguna 2026-09-04 22:09:53 UTC =====
[91m[1mError: [0m{
  "name": "UnknownError",
  "data": {
    "message": "Unexpected server error. Check server logs for details.",
    "ref": "err_8589b8a0"
  }
}
===== ANALYST laguna 2026-09-05 00:15:07 UTC =====
[91m[1mError: [0m{
  "name": "UnknownError",
  "data": {
    "message": "Unexpected server error. Check server logs for details.",
    "ref": "err_3b73f0a8"
  }
}
===== ANALYST laguna 2026-09-05 04:34:13 UTC =====
[91m[1mError: [0m{
  "name": "UnknownError",
  "data": {
    "message": "Unexpected server error. Check server logs for details.",
    "ref": "err_21e75a9a"
  }
}
===== ANALYST laguna 2026-09-05 08:50:59 UTC =====
[91m[1mError: [0m{
  "name": "UnknownError",
  "data": {
    "message": "Unexpected server error. Check server logs for details.",
    "ref": "err_d4685376"
  }
}
===== ANALYST laguna 2026-09-05 12:20:10 UTC =====
[91m[1mError: [0m{
  "name": "UnknownError",
  "data": {
    "message": "Unexpected server error. Check server logs for details.",
    "ref": "err_2e14c5b4"
  }
}
===== ANALYST laguna 2026-09-05 15:02:37 UTC =====
[91m[1mError: [0m{
  "name": "UnknownError",
  "data": {
    "message": "Unexpected server error. Check server logs for details.",
    "ref": "err_a617969c"
  }
}
===== ANALYST laguna 2026-09-05 17:06:17 UTC =====
[91m[1mError: [0m{
  "name": "UnknownError",
  "data": {
    "message": "Unexpected server error. Check server logs for details.",
    "ref": "err_c08b34cf"
  }
}
===== ANALYST laguna 2026-09-05 18:56:58 UTC =====
[91m[1mError: [0m{
  "name": "UnknownError",
  "data": {
    "message": "Unexpected server error. Check server logs for details.",
    "ref": "err_ee193044"
  }
}
===== ANALYST laguna 2026-09-05 20:53:46 UTC =====
[91m[1mError: [0m{
  "name": "UnknownError",
  "data": {
    "message": "Unexpected server error. Check server logs for details.",
    "ref": "err_ca66c05a"
  }
}
===== ANALYST laguna 2026-09-05 22:28:21 UTC =====
[91m[1mError: [0m{
  "name": "UnknownError",
  "data": {
    "message": "Unexpected server error. Check server logs for details.",
    "ref": "err_dddf0723"
  }
}
===== ANALYST laguna 2026-09-06 00:15:48 UTC =====
[91m[1mError: [0m{
  "name": "UnknownError",
  "data": {
    "message": "Unexpected server error. Check server logs for details.",
    "ref": "err_f6c04b46"
  }
}
===== ANALYST laguna 2026-09-06 04:41:59 UTC =====
[91m[1mError: [0m{
  "name": "UnknownError",
  "data": {
    "message": "Unexpected server error. Check server logs for details.",
    "ref": "err_adc7ff94"
  }
}
===== ANALYST laguna 2026-09-06 08:57:09 UTC =====
[91m[1mError: [0m{
  "name": "UnknownError",
  "data": {
    "message": "Unexpected server error. Check server logs for details.",
    "ref": "err_0e497f84"
  }
}
===== ANALYST laguna 2026-09-06 12:28:54 UTC =====
[91m[1mError: [0m{
  "name": "UnknownError",
  "data": {
    "message": "Unexpected server error. Check server logs for details.",
    "ref": "err_11f3b491"
  }
}
===== ANALYST laguna 2026-09-06 16:02:35 UTC =====
[91m[1mError: [0m{
  "name": "UnknownError",
  "data": {
    "message": "Unexpected server error. Check server logs for details.",
    "ref": "err_bf17353f"
  }
}
===== ANALYST laguna 2026-09-06 18:09:34 UTC =====
[91m[1mError: [0m{
  "name": "UnknownError",
  "data": {
    "message": "Unexpected server error. Check server logs for details.",
    "ref": "err_9423d4c9"
  }
}
===== ANALYST laguna 2026-09-06 19:58:58 UTC =====
[91m[1mError: [0m{
  "name": "UnknownError",
  "data": {
    "message": "Unexpected server error. Check server logs for details.",
    "ref": "err_80ef5255"
  }
}
===== ANALYST laguna 2026-09-06 21:51:20 UTC =====
[91m[1mError: [0m{
  "name": "UnknownError",
  "data": {
    "message": "Unexpected server error. Check server logs for details.",
    "ref": "err_ccca1256"
  }
}
===== ANALYST laguna 2026-09-06 23:21:54 UTC =====
[91m[1mError: [0m{
  "name": "UnknownError",
  "data": {
    "message": "Unexpected server error. Check server logs for details.",
    "ref": "err_d6512ac5"
  }
}
===== ANALYST laguna 2026-09-07 01:08:39 UTC =====
[91m[1mError: [0m{
  "name": "UnknownError",
  "data": {
    "message": "Unexpected server error. Check server logs for details.",
    "ref": "err_3e22e4aa"
  }
}
===== ANALYST laguna 2026-09-07 06:09:48 UTC =====
[91m[1mError: [0m{
  "name": "UnknownError",
  "data": {
    "message": "Unexpected server error. Check server logs for details.",
    "ref": "err_393c221d"
  }
}
===== ANALYST laguna 2026-09-07 12:48:25 UTC =====
[91m[1mError: [0m{
  "name": "UnknownError",
  "data": {
    "message": "Unexpected server error. Check server logs for details.",
    "ref": "err_df96eae7"
  }
}
===== ANALYST laguna 2026-09-07 18:00:22 UTC =====
[91m[1mError: [0m{
  "name": "UnknownError",
  "data": {
    "message": "Unexpected server error. Check server logs for details.",
    "ref": "err_7e02eed5"
  }
}
===== ANALYST laguna 2026-09-07 21:00:34 UTC =====
[91m[1mError: [0m{
  "name": "UnknownError",
  "data": {
    "message": "Unexpected server error. Check server logs for details.",
    "ref": "err_665b84b5"
  }
}
===== ANALYST laguna 2026-09-07 23:07:47 UTC =====
[91m[1mError: [0m{
  "name": "UnknownError",
  "data": {
    "message": "Unexpected server error. Check server logs for details.",
    "ref": "err_195f9cdb"
  }
}
===== ANALYST laguna 2026-09-08 01:17:28 UTC =====
[91m[1mError: [0m{
  "name": "UnknownError",
  "data": {
    "message": "Unexpected server error. Check server logs for details.",
    "ref": "err_26ef115b"
  }
}
===== ANALYST laguna 2026-09-08 06:04:11 UTC =====
[91m[1mError: [0m{
  "name": "UnknownError",
  "data": {
    "message": "Unexpected server error. Check server logs for details.",
    "ref": "err_f4c54817"
  }
}
===== ANALYST laguna 2026-09-08 10:36:18 UTC =====
[91m[1mError: [0m{
  "name": "UnknownError",
  "data": {
    "message": "Unexpected server error. Check server logs for details.",
    "ref": "err_9e6016b0"
  }
}
===== ANALYST laguna 2026-09-08 14:53:43 UTC =====
[91m[1mError: [0m{
  "name": "UnknownError",
  "data": {
    "message": "Unexpected server error. Check server logs for details.",
    "ref": "err_ec9b787e"
  }
}
===== ANALYST laguna 2026-09-08 18:17:59 UTC =====
[91m[1mError: [0m{
  "name": "UnknownError",
  "data": {
    "message": "Unexpected server error. Check server logs for details.",
    "ref": "err_22e53773"
  }
}
===== ANALYST laguna 2026-09-08 21:14:43 UTC =====
[91m[1mError: [0m{
  "name": "UnknownError",
  "data": {
    "message": "Unexpected server error. Check server logs for details.",
    "ref": "err_5960427a"
  }
}
===== ANALYST laguna 2026-09-08 23:25:31 UTC =====
[91m[1mError: [0m{
  "name": "UnknownError",
  "data": {
    "message": "Unexpected server error. Check server logs for details.",
    "ref": "err_d31d80f9"
  }
}
===== ANALYST laguna 2026-09-09 01:31:29 UTC =====
[91m[1mError: [0m{
  "name": "UnknownError",
  "data": {
    "message": "Unexpected server error. Check server logs for details.",
    "ref": "err_e808d751"
  }
}
===== ANALYST laguna 2026-09-09 06:50:32 UTC =====
[91m[1mError: [0m{
  "name": "UnknownError",
  "data": {
    "message": "Unexpected server error. Check server logs for details.",
    "ref": "err_9b38d9b2"
  }
}
===== ANALYST laguna 2026-09-09 12:00:41 UTC =====
[91m[1mError: [0m{
  "name": "UnknownError",
  "data": {
    "message": "Unexpected server error. Check server logs for details.",
    "ref": "err_9c7e7294"
  }
}
===== ANALYST laguna 2026-09-09 15:42:12 UTC =====
[91m[1mError: [0m{
  "name": "UnknownError",
  "data": {
    "message": "Unexpected server error. Check server logs for details.",
    "ref": "err_a352c671"
  }
}
===== ANALYST laguna 2026-09-09 18:53:03 UTC =====
[91m[1mError: [0m{
  "name": "UnknownError",
  "data": {
    "message": "Unexpected server error. Check server logs for details.",
    "ref": "err_0d3e007e"
  }
}
===== ANALYST laguna 2026-09-09 21:21:16 UTC =====
[91m[1mError: [0m{
  "name": "UnknownError",
  "data": {
    "message": "Unexpected server error. Check server logs for details.",
    "ref": "err_b18b09b5"
  }
}
===== ANALYST laguna 2026-09-09 23:20:30 UTC =====
[91m[1mError: [0m{
  "name": "UnknownError",
  "data": {
    "message": "Unexpected server error. Check server logs for details.",
    "ref": "err_78d1f35d"
  }
}
===== ANALYST laguna 2026-09-10 01:10:03 UTC =====
[91m[1mError: [0m{
  "name": "UnknownError",
  "data": {
    "message": "Unexpected server error. Check server logs for details.",
    "ref": "err_8fb04926"
  }
}
===== ANALYST laguna 2026-09-10 06:04:15 UTC =====
[91m[1mError: [0m{
  "name": "UnknownError",
  "data": {
    "message": "Unexpected server error. Check server logs for details.",
    "ref": "err_c3af72f9"
  }
}
===== ANALYST laguna 2026-09-10 10:40:25 UTC =====
[91m[1mError: [0m{
  "name": "UnknownError",
  "data": {
    "message": "Unexpected server error. Check server logs for details.",
    "ref": "err_68ecce31"
  }
}
===== ANALYST laguna 2026-09-10 14:51:53 UTC =====
[91m[1mError: [0m{
  "name": "UnknownError",
  "data": {
    "message": "Unexpected server error. Check server logs for details.",
    "ref": "err_8ebcc40b"
  }
}
===== ANALYST laguna 2026-09-10 18:00:00 UTC =====
[91m[1mError: [0m{
  "name": "UnknownError",
  "data": {
    "message": "Unexpected server error. Check server logs for details.",
    "ref": "err_a248a45c"
  }
}
===== ANALYST laguna 2026-09-10 20:11:21 UTC =====
[91m[1mError: [0m{
  "name": "UnknownError",
  "data": {
    "message": "Unexpected server error. Check server logs for details.",
    "ref": "err_dd117ca0"
  }
}
===== ANALYST laguna 2026-09-10 22:38:18 UTC =====
[91m[1mError: [0m{
  "name": "UnknownError",
  "data": {
    "message": "Unexpected server error. Check server logs for details.",
    "ref": "err_93a50867"
  }
}
===== ANALYST laguna 2026-09-11 00:31:54 UTC =====
[91m[1mError: [0m{
  "name": "UnknownError",
  "data": {
    "message": "Unexpected server error. Check server logs for details.",
    "ref": "err_dd55f9a4"
  }
}
===== ANALYST laguna 2026-09-11 05:14:39 UTC =====
[91m[1mError: [0m{
  "name": "UnknownError",
  "data": {
    "message": "Unexpected server error. Check server logs for details.",
    "ref": "err_64ff1d4a"
  }
}
===== ANALYST laguna 2026-09-11 09:46:07 UTC =====
[91m[1mError: [0m{
  "name": "UnknownError",
  "data": {
    "message": "Unexpected server error. Check server logs for details.",
    "ref": "err_e3ce6ad2"
  }
}
===== ANALYST laguna 2026-09-11 14:02:27 UTC =====
[91m[1mError: [0m{
  "name": "UnknownError",
  "data": {
    "message": "Unexpected server error. Check server logs for details.",
    "ref": "err_7bef45d9"
  }
}
===== ANALYST laguna 2026-09-11 17:24:48 UTC =====
[91m[1mError: [0m{
  "name": "UnknownError",
  "data": {
    "message": "Unexpected server error. Check server logs for details.",
    "ref": "err_001e885e"
  }
}
===== ANALYST laguna 2026-09-11 20:01:24 UTC =====
[91m[1mError: [0m{
  "name": "UnknownError",
  "data": {
    "message": "Unexpected server error. Check server logs for details.",
    "ref": "err_347d1083"
  }
}
===== ANALYST laguna 2026-09-11 22:20:38 UTC =====
[91m[1mError: [0m{
  "name": "UnknownError",
  "data": {
    "message": "Unexpected server error. Check server logs for details.",
    "ref": "err_65d3a3ff"
  }
}
===== ANALYST laguna 2026-09-12 00:22:37 UTC =====
[91m[1mError: [0m{
  "name": "UnknownError",
  "data": {
    "message": "Unexpected server error. Check server logs for details.",
    "ref": "err_3330fe11"
  }
}
===== ANALYST laguna 2026-09-12 04:46:37 UTC =====
[91m[1mError: [0m{
  "name": "UnknownError",
  "data": {
    "message": "Unexpected server error. Check server logs for details.",
    "ref": "err_b4dea25d"
  }
}
===== ANALYST laguna 2026-09-12 09:01:14 UTC =====
[91m[1mError: [0m{
  "name": "UnknownError",
  "data": {
    "message": "Unexpected server error. Check server logs for details.",
    "ref": "err_88f8b7f5"
  }
}
===== ANALYST laguna 2026-09-12 12:31:51 UTC =====
[91m[1mError: [0m{
  "name": "UnknownError",
  "data": {
    "message": "Unexpected server error. Check server logs for details.",
    "ref": "err_e2518467"
  }
}
===== ANALYST laguna 2026-09-12 15:58:13 UTC =====
[91m[1mError: [0m{
  "name": "UnknownError",
  "data": {
    "message": "Unexpected server error. Check server logs for details.",
    "ref": "err_b4766890"
  }
}
===== ANALYST laguna 2026-09-12 18:02:37 UTC =====
[91m[1mError: [0m{
  "name": "UnknownError",
  "data": {
    "message": "Unexpected server error. Check server logs for details.",
    "ref": "err_18d5523b"
  }
}
===== ANALYST laguna 2026-09-12 19:50:05 UTC =====
[91m[1mError: [0m{
  "name": "UnknownError",
  "data": {
    "message": "Unexpected server error. Check server logs for details.",
    "ref": "err_cff1ba6c"
  }
}
===== ANALYST laguna 2026-09-12 21:47:15 UTC =====
[91m[1mError: [0m{
  "name": "UnknownError",
  "data": {
    "message": "Unexpected server error. Check server logs for details.",
    "ref": "err_ca5f29b1"
  }
}
===== ANALYST laguna 2026-09-12 23:32:36 UTC =====
[91m[1mError: [0m{
  "name": "UnknownError",
  "data": {
    "message": "Unexpected server error. Check server logs for details.",
    "ref": "err_3426218a"
  }
}
===== ANALYST laguna 2026-09-13 01:24:28 UTC =====
[91m[1mError: [0m{
  "name": "UnknownError",
  "data": {
    "message": "Unexpected server error. Check server logs for details.",
    "ref": "err_2bac7124"
  }
}
===== ANALYST laguna 2026-09-13 06:47:39 UTC =====
[91m[1mError: [0m{
  "name": "UnknownError",
  "data": {
    "message": "Unexpected server error. Check server logs for details.",
    "ref": "err_cba38bd3"
  }
}
===== ANALYST laguna 2026-09-13 12:27:40 UTC =====
[91m[1mError: [0m{
  "name": "UnknownError",
  "data": {
    "message": "Unexpected server error. Check server logs for details.",
    "ref": "err_b4f983e0"
  }
}
===== ANALYST laguna 2026-09-13 16:55:46 UTC =====
[91m[1mError: [0m{
  "name": "UnknownError",
  "data": {
    "message": "Unexpected server error. Check server logs for details.",
    "ref": "err_e1d747ba"
  }
}
===== ANALYST laguna 2026-09-13 18:59:54 UTC =====
[91m[1mError: [0m{
  "name": "UnknownError",
  "data": {
    "message": "Unexpected server error. Check server logs for details.",
    "ref": "err_d1603dc7"
  }
}
===== ANALYST laguna 2026-09-13 21:13:10 UTC =====
[91m[1mError: [0m{
  "name": "UnknownError",
  "data": {
    "message": "Unexpected server error. Check server logs for details.",
    "ref": "err_87047c90"
  }
}
===== ANALYST laguna 2026-09-13 23:12:19 UTC =====
[91m[1mError: [0m{
  "name": "UnknownError",
  "data": {
    "message": "Unexpected server error. Check server logs for details.",
    "ref": "err_86755e27"
  }
}
===== ANALYST laguna 2026-09-14 01:10:10 UTC =====
[91m[1mError: [0m{
  "name": "UnknownError",
  "data": {
    "message": "Unexpected server error. Check server logs for details.",
    "ref": "err_1c58bd48"
  }
}
===== ANALYST laguna 2026-09-14 06:20:58 UTC =====
[91m[1mError: [0m{
  "name": "UnknownError",
  "data": {
    "message": "Unexpected server error. Check server logs for details.",
    "ref": "err_6c38d69b"
  }
}
===== ANALYST laguna 2026-09-14 13:04:48 UTC =====
[91m[1mError: [0m{
  "name": "UnknownError",
  "data": {
    "message": "Unexpected server error. Check server logs for details.",
    "ref": "err_93ce0798"
  }
}
===== ANALYST laguna 2026-09-14 18:20:43 UTC =====
[91m[1mError: [0m{
  "name": "UnknownError",
  "data": {
    "message": "Unexpected server error. Check server logs for details.",
    "ref": "err_bb5d2ab3"
  }
}
===== ANALYST laguna 2026-09-14 21:57:34 UTC =====
[91m[1mError: [0m{
  "name": "UnknownError",
  "data": {
    "message": "Unexpected server error. Check server logs for details.",
    "ref": "err_45bb70de"
  }
}
===== ANALYST laguna 2026-09-15 00:04:40 UTC =====
[91m[1mError: [0m{
  "name": "UnknownError",
  "data": {
    "message": "Unexpected server error. Check server logs for details.",
    "ref": "err_ebb44bdf"
  }
}
===== ANALYST laguna 2026-09-15 05:00:31 UTC =====
[91m[1mError: [0m{
  "name": "UnknownError",
  "data": {
    "message": "Unexpected server error. Check server logs for details.",
    "ref": "err_3597e54b"
  }
}
===== ANALYST laguna 2026-09-15 09:46:28 UTC =====
[91m[1mError: [0m{
  "name": "UnknownError",
  "data": {
    "message": "Unexpected server error. Check server logs for details.",
    "ref": "err_3c756430"
  }
}
===== ANALYST laguna 2026-09-15 14:51:11 UTC =====
[91m[1mError: [0m{
  "name": "UnknownError",
  "data": {
    "message": "Unexpected server error. Check server logs for details.",
    "ref": "err_4f4cd425"
  }
}
===== ANALYST laguna 2026-09-15 18:38:47 UTC =====
[91m[1mError: [0m{
  "name": "UnknownError",
  "data": {
    "message": "Unexpected server error. Check server logs for details.",
    "ref": "err_7fee674b"
  }
}
===== ANALYST laguna 2026-09-15 21:45:11 UTC =====
[91m[1mError: [0m{
  "name": "UnknownError",
  "data": {
    "message": "Unexpected server error. Check server logs for details.",
    "ref": "err_306f8225"
  }
}
===== ANALYST laguna 2026-09-15 23:48:48 UTC =====
[91m[1mError: [0m{
  "name": "UnknownError",
  "data": {
    "message": "Unexpected server error. Check server logs for details.",
    "ref": "err_69909757"
  }
}
===== ANALYST laguna 2026-09-16 01:58:31 UTC =====
[91m[1mError: [0m{
  "name": "UnknownError",
  "data": {
    "message": "Unexpected server error. Check server logs for details.",
    "ref": "err_baa5d03b"
  }
}
===== ANALYST laguna 2026-09-16 07:03:01 UTC =====
[91m[1mError: [0m{
  "name": "UnknownError",
  "data": {
    "message": "Unexpected server error. Check server logs for details.",
    "ref": "err_35209dc7"
  }
}
===== ANALYST laguna 2026-09-16 12:29:57 UTC =====
[91m[1mError: [0m{
  "name": "UnknownError",
  "data": {
    "message": "Unexpected server error. Check server logs for details.",
    "ref": "err_f02f80ec"
  }
}
===== ANALYST laguna 2026-09-16 17:18:32 UTC =====
[91m[1mError: [0m{
  "name": "UnknownError",
  "data": {
    "message": "Unexpected server error. Check server logs for details.",
    "ref": "err_62afc909"
  }
}
===== ANALYST laguna 2026-09-16 20:09:54 UTC =====
[91m[1mError: [0m{
  "name": "UnknownError",
  "data": {
    "message": "Unexpected server error. Check server logs for details.",
    "ref": "err_4e429ddd"
  }
}
===== ANALYST laguna 2026-09-16 22:58:04 UTC =====
[91m[1mError: [0m{
  "name": "UnknownError",
  "data": {
    "message": "Unexpected server error. Check server logs for details.",
    "ref": "err_a3fc2c67"
  }
}
===== ANALYST laguna 2026-09-17 00:59:42 UTC =====
[91m[1mError: [0m{
  "name": "UnknownError",
  "data": {
    "message": "Unexpected server error. Check server logs for details.",
    "ref": "err_c25c6d89"
  }
}
===== ANALYST laguna 2026-09-17 05:42:24 UTC =====
[91m[1mError: [0m{
  "name": "UnknownError",
  "data": {
    "message": "Unexpected server error. Check server logs for details.",
    "ref": "err_f9a50463"
  }
}
===== ANALYST laguna 2026-09-17 10:35:17 UTC =====
[91m[1mError: [0m{
  "name": "UnknownError",
  "data": {
    "message": "Unexpected server error. Check server logs for details.",
    "ref": "err_e8b97c38"
  }
}
===== ANALYST laguna 2026-09-17 15:18:46 UTC =====
[91m[1mError: [0m{
  "name": "UnknownError",
  "data": {
    "message": "Unexpected server error. Check server logs for details.",
    "ref": "err_09ff8fb6"
  }
}
===== ANALYST laguna 2026-09-17 19:07:00 UTC =====
[91m[1mError: [0m{
  "name": "UnknownError",
  "data": {
    "message": "Unexpected server error. Check server logs for details.",
    "ref": "err_8ac6931e"
  }
}
===== ANALYST laguna 2026-09-17 22:11:09 UTC =====
[91m[1mError: [0m{
  "name": "UnknownError",
  "data": {
    "message": "Unexpected server error. Check server logs for details.",
    "ref": "err_173d71e0"
  }
}
===== ANALYST laguna 2026-09-18 00:24:18 UTC =====
[91m[1mError: [0m{
  "name": "UnknownError",
  "data": {
    "message": "Unexpected server error. Check server logs for details.",
    "ref": "err_18d2aec5"
  }
}
===== ANALYST laguna 2026-09-18 05:10:12 UTC =====
[91m[1mError: [0m{
  "name": "UnknownError",
  "data": {
    "message": "Unexpected server error. Check server logs for details.",
    "ref": "err_5f0d7ace"
  }
}
===== ANALYST laguna 2026-09-18 09:50:18 UTC =====
[91m[1mError: [0m{
  "name": "UnknownError",
  "data": {
    "message": "Unexpected server error. Check server logs for details.",
    "ref": "err_102e4845"
  }
}
===== ANALYST laguna 2026-09-18 14:04:20 UTC =====
[91m[1mError: [0m{
  "name": "UnknownError",
  "data": {
    "message": "Unexpected server error. Check server logs for details.",
    "ref": "err_f589f0ae"
  }
}
===== ANALYST laguna 2026-09-18 17:25:41 UTC =====
[91m[1mError: [0m{
  "name": "UnknownError",
  "data": {
    "message": "Unexpected server error. Check server logs for details.",
    "ref": "err_1cb7864b"
  }
}
===== ANALYST laguna 2026-09-18 19:58:19 UTC =====
[91m[1mError: [0m{
  "name": "UnknownError",
  "data": {
    "message": "Unexpected server error. Check server logs for details.",
    "ref": "err_bb7710f5"
  }
}
===== ANALYST laguna 2026-09-18 22:07:50 UTC =====
[91m[1mError: [0m{
  "name": "UnknownError",
  "data": {
    "message": "Unexpected server error. Check server logs for details.",
    "ref": "err_dbf8b47e"
  }
}
===== ANALYST laguna 2026-09-18 23:56:23 UTC =====
[91m[1mError: [0m{
  "name": "UnknownError",
  "data": {
    "message": "Unexpected server error. Check server logs for details.",
    "ref": "err_25c46782"
  }
}
===== ANALYST laguna 2026-09-19 01:57:11 UTC =====
[91m[1mError: [0m{
  "name": "UnknownError",
  "data": {
    "message": "Unexpected server error. Check server logs for details.",
    "ref": "err_d54de6d9"
  }
}
===== ANALYST laguna 2026-09-19 06:50:19 UTC =====
[91m[1mError: [0m{
  "name": "UnknownError",
  "data": {
    "message": "Unexpected server error. Check server logs for details.",
    "ref": "err_d2263388"
  }
}
===== ANALYST laguna 2026-09-19 11:45:19 UTC =====
[91m[1mError: [0m{
  "name": "UnknownError",
  "data": {
    "message": "Unexpected server error. Check server logs for details.",
    "ref": "err_6eafa2c1"
  }
}
===== ANALYST laguna 2026-09-19 14:59:50 UTC =====
[91m[1mError: [0m{
  "name": "UnknownError",
  "data": {
    "message": "Unexpected server error. Check server logs for details.",
    "ref": "err_b863200f"
  }
}
===== ANALYST laguna 2026-09-19 17:34:38 UTC =====
[91m[1mError: [0m{
  "name": "UnknownError",
  "data": {
    "message": "Unexpected server error. Check server logs for details.",
    "ref": "err_0b8f278a"
  }
}
===== ANALYST laguna 2026-09-19 19:37:21 UTC =====
[91m[1mError: [0m{
  "name": "UnknownError",
  "data": {
    "message": "Unexpected server error. Check server logs for details.",
    "ref": "err_e8ebfc1d"
  }
}
===== ANALYST laguna 2026-09-19 21:45:13 UTC =====
[91m[1mError: [0m{
  "name": "UnknownError",
  "data": {
    "message": "Unexpected server error. Check server logs for details.",
    "ref": "err_a312e6bd"
  }
}
===== ANALYST laguna 2026-09-19 23:43:34 UTC =====
[91m[1mError: [0m{
  "name": "UnknownError",
  "data": {
    "message": "Unexpected server error. Check server logs for details.",
    "ref": "err_e12394c3"
  }
}
===== ANALYST laguna 2026-09-20 01:57:25 UTC =====
[91m[1mError: [0m{
  "name": "UnknownError",
  "data": {
    "message": "Unexpected server error. Check server logs for details.",
    "ref": "err_892d700d"
  }
}
===== ANALYST laguna 2026-09-20 07:22:23 UTC =====
[91m[1mError: [0m{
  "name": "UnknownError",
  "data": {
    "message": "Unexpected server error. Check server logs for details.",
    "ref": "err_ce0aa180"
  }
}
===== ANALYST laguna 2026-09-20 12:32:54 UTC =====
[91m[1mError: [0m{
  "name": "UnknownError",
  "data": {
    "message": "Unexpected server error. Check server logs for details.",
    "ref": "err_c59cdf03"
  }
}
===== ANALYST laguna 2026-09-20 16:40:07 UTC =====
[91m[1mError: [0m{
  "name": "UnknownError",
  "data": {
    "message": "Unexpected server error. Check server logs for details.",
    "ref": "err_54afeff3"
  }
}
===== ANALYST laguna 2026-09-20 19:03:46 UTC =====
[91m[1mError: [0m{
  "name": "UnknownError",
  "data": {
    "message": "Unexpected server error. Check server logs for details.",
    "ref": "err_56c0cdea"
  }
}
===== ANALYST laguna 2026-09-20 21:35:34 UTC =====
[91m[1mError: [0m{
  "name": "UnknownError",
  "data": {
    "message": "Unexpected server error. Check server logs for details.",
    "ref": "err_6d50bc05"
  }
}
===== ANALYST laguna 2026-09-20 23:29:08 UTC =====
[91m[1mError: [0m{
  "name": "UnknownError",
  "data": {
    "message": "Unexpected server error. Check server logs for details.",
    "ref": "err_0bbe2ad1"
  }
}
===== ANALYST laguna 2026-09-21 01:35:51 UTC =====
[91m[1mError: [0m{
  "name": "UnknownError",
  "data": {
    "message": "Unexpected server error. Check server logs for details.",
    "ref": "err_68ec1e56"
  }
}
===== ANALYST laguna 2026-09-21 07:04:51 UTC =====
[91m[1mError: [0m{
  "name": "UnknownError",
  "data": {
    "message": "Unexpected server error. Check server logs for details.",
    "ref": "err_4b7b49a2"
  }
}
===== ANALYST laguna 2026-09-21 14:15:27 UTC =====
[91m[1mError: [0m{
  "name": "UnknownError",
  "data": {
    "message": "Unexpected server error. Check server logs for details.",
    "ref": "err_941b4ee0"
  }
}
===== ANALYST laguna 2026-09-21 19:31:10 UTC =====
[91m[1mError: [0m{
  "name": "UnknownError",
  "data": {
    "message": "Unexpected server error. Check server logs for details.",
    "ref": "err_5b06db28"
  }
}
===== ANALYST laguna 2026-09-21 22:49:20 UTC =====
[91m[1mError: [0m{
  "name": "UnknownError",
  "data": {
    "message": "Unexpected server error. Check server logs for details.",
    "ref": "err_b9cbdc6f"
  }
}
===== ANALYST laguna 2026-09-22 01:21:14 UTC =====
[91m[1mError: [0m{
  "name": "UnknownError",
  "data": {
    "message": "Unexpected server error. Check server logs for details.",
    "ref": "err_ae747b16"
  }
}
===== ANALYST laguna 2026-09-22 06:27:05 UTC =====
[91m[1mError: [0m{
  "name": "UnknownError",
  "data": {
    "message": "Unexpected server error. Check server logs for details.",
    "ref": "err_60d367e1"
  }
}
===== ANALYST laguna 2026-09-22 11:51:47 UTC =====
[91m[1mError: [0m{
  "name": "UnknownError",
  "data": {
    "message": "Unexpected server error. Check server logs for details.",
    "ref": "err_0204906f"
  }
}
===== ANALYST laguna 2026-09-22 15:56:24 UTC =====
[91m[1mError: [0m{
  "name": "UnknownError",
  "data": {
    "message": "Unexpected server error. Check server logs for details.",
    "ref": "err_a8f774fc"
  }
}
===== ANALYST laguna 2026-09-22 19:24:31 UTC =====
[91m[1mError: [0m{
  "name": "UnknownError",
  "data": {
    "message": "Unexpected server error. Check server logs for details.",
    "ref": "err_c4c36368"
  }
}
===== ANALYST laguna 2026-09-22 22:17:42 UTC =====
[91m[1mError: [0m{
  "name": "UnknownError",
  "data": {
    "message": "Unexpected server error. Check server logs for details.",
    "ref": "err_1e46fc43"
  }
}
===== ANALYST laguna 2026-09-23 00:38:38 UTC =====
[91m[1mError: [0m{
  "name": "UnknownError",
  "data": {
    "message": "Unexpected server error. Check server logs for details.",
    "ref": "err_65c95726"
  }
}
===== ANALYST laguna 2026-09-23 05:07:09 UTC =====
[91m[1mError: [0m{
  "name": "UnknownError",
  "data": {
    "message": "Unexpected server error. Check server logs for details.",
    "ref": "err_ff2420be"
  }
}
===== ANALYST laguna 2026-09-23 10:11:31 UTC =====
[91m[1mError: [0m{
  "name": "UnknownError",
  "data": {
    "message": "Unexpected server error. Check server logs for details.",
    "ref": "err_ddd7fbd8"
  }
}
===== ANALYST laguna 2026-09-23 14:46:43 UTC =====
[91m[1mError: [0m{
  "name": "UnknownError",
  "data": {
    "message": "Unexpected server error. Check server logs for details.",
    "ref": "err_46f4ae32"
  }
}
===== ANALYST laguna 2026-09-23 18:44:47 UTC =====
[91m[1mError: [0m{
  "name": "UnknownError",
  "data": {
    "message": "Unexpected server error. Check server logs for details.",
    "ref": "err_c988f101"
  }
}
===== ANALYST laguna 2026-09-23 21:52:55 UTC =====
[91m[1mError: [0m{
  "name": "UnknownError",
  "data": {
    "message": "Unexpected server error. Check server logs for details.",
    "ref": "err_668ad831"
  }
}
===== ANALYST laguna 2026-09-24 00:06:46 UTC =====
[91m[1mError: [0m{
  "name": "UnknownError",
  "data": {
    "message": "Unexpected server error. Check server logs for details.",
    "ref": "err_e1fe52df"
  }
}
===== ANALYST laguna 2026-09-24 04:54:59 UTC =====
[91m[1mError: [0m{
  "name": "UnknownError",
  "data": {
    "message": "Unexpected server error. Check server logs for details.",
    "ref": "err_0892bf0c"
  }
}
===== ANALYST laguna 2026-09-24 09:40:02 UTC =====
[91m[1mError: [0m{
  "name": "UnknownError",
  "data": {
    "message": "Unexpected server error. Check server logs for details.",
    "ref": "err_a33fd01c"
  }
}
===== ANALYST laguna 2026-09-24 14:28:45 UTC =====
[91m[1mError: [0m{
  "name": "UnknownError",
  "data": {
    "message": "Unexpected server error. Check server logs for details.",
    "ref": "err_e67ba47e"
  }
}
===== ANALYST laguna 2026-09-24 18:39:47 UTC =====
[91m[1mError: [0m{
  "name": "UnknownError",
  "data": {
    "message": "Unexpected server error. Check server logs for details.",
    "ref": "err_5cde0b92"
  }
}
===== ANALYST laguna 2026-09-24 21:47:13 UTC =====
[91m[1mError: [0m{
  "name": "UnknownError",
  "data": {
    "message": "Unexpected server error. Check server logs for details.",
    "ref": "err_24f2076c"
  }
}
===== ANALYST laguna 2026-09-25 00:08:19 UTC =====
[91m[1mError: [0m{
  "name": "UnknownError",
  "data": {
    "message": "Unexpected server error. Check server logs for details.",
    "ref": "err_d381d5f8"
  }
}
===== ANALYST laguna 2026-09-25 04:59:08 UTC =====
[91m[1mError: [0m{
  "name": "UnknownError",
  "data": {
    "message": "Unexpected server error. Check server logs for details.",
    "ref": "err_24ef0536"
  }
}
===== ANALYST laguna 2026-09-25 10:03:13 UTC =====
[91m[1mError: [0m{
  "name": "UnknownError",
  "data": {
    "message": "Unexpected server error. Check server logs for details.",
    "ref": "err_267d8df3"
  }
}
===== ANALYST laguna 2026-09-25 15:01:31 UTC =====
[91m[1mError: [0m{
  "name": "UnknownError",
  "data": {
    "message": "Unexpected server error. Check server logs for details.",
    "ref": "err_3b6fe5dc"
  }
}
===== ANALYST laguna 2026-09-25 19:10:58 UTC =====
[91m[1mError: [0m{
  "name": "UnknownError",
  "data": {
    "message": "Unexpected server error. Check server logs for details.",
    "ref": "err_3c6dd4dd"
  }
}
===== ANALYST laguna 2026-09-25 22:29:00 UTC =====
[91m[1mError: [0m{
  "name": "UnknownError",
  "data": {
    "message": "Unexpected server error. Check server logs for details.",
    "ref": "err_3f0ecbeb"
  }
}
===== ANALYST laguna 2026-09-26 00:55:06 UTC =====
[91m[1mError: [0m{
  "name": "UnknownError",
  "data": {
    "message": "Unexpected server error. Check server logs for details.",
    "ref": "err_6e37de33"
  }
}
===== ANALYST laguna 2026-09-26 05:42:18 UTC =====
[91m[1mError: [0m{
  "name": "UnknownError",
  "data": {
    "message": "Unexpected server error. Check server logs for details.",
    "ref": "err_ec3f337a"
  }
}
===== ANALYST laguna 2026-09-26 10:16:57 UTC =====
[91m[1mError: [0m{
  "name": "UnknownError",
  "data": {
    "message": "Unexpected server error. Check server logs for details.",
    "ref": "err_2f045f54"
  }
}
===== ANALYST laguna 2026-09-26 14:32:54 UTC =====
[91m[1mError: [0m{
  "name": "UnknownError",
  "data": {
    "message": "Unexpected server error. Check server logs for details.",
    "ref": "err_2399750a"
  }
}
===== ANALYST laguna 2026-09-26 18:10:01 UTC =====
[91m[1mError: [0m{
  "name": "UnknownError",
  "data": {
    "message": "Unexpected server error. Check server logs for details.",
    "ref": "err_b7792a3d"
  }
}
