===== ANALYST longcat 2026-09-03 14:23:21 UTC =====
[91m[1mError: [0m{
  "name": "UnknownError",
  "data": {
    "message": "Unexpected server error. Check server logs for details.",
    "ref": "err_45c20252"
  }
}
===== ANALYST longcat 2026-09-03 15:21:33 UTC =====
[91m[1mError: [0m{
  "name": "UnknownError",
  "data": {
    "message": "Unexpected server error. Check server logs for details.",
    "ref": "err_0597f1a1"
  }
}
===== ANALYST longcat 2026-09-03 18:48:37 UTC =====
[91m[1mError: [0m{
  "name": "UnknownError",
  "data": {
    "message": "Unexpected server error. Check server logs for details.",
    "ref": "err_cf897075"
  }
}
===== ANALYST longcat 2026-09-03 21:22:00 UTC =====
[91m[1mError: [0m{
  "name": "UnknownError",
  "data": {
    "message": "Unexpected server error. Check server logs for details.",
    "ref": "err_f5aa5ddd"
  }
}
===== ANALYST longcat 2026-09-03 23:24:23 UTC =====
[91m[1mError: [0m{
  "name": "UnknownError",
  "data": {
    "message": "Unexpected server error. Check server logs for details.",
    "ref": "err_85a4d040"
  }
}
===== ANALYST longcat 2026-09-04 01:12:26 UTC =====
[91m[1mError: [0m{
  "name": "UnknownError",
  "data": {
    "message": "Unexpected server error. Check server logs for details.",
    "ref": "err_907c315c"
  }
}
===== ANALYST longcat 2026-09-04 06:00:56 UTC =====
[91m[1mError: [0m{
  "name": "UnknownError",
  "data": {
    "message": "Unexpected server error. Check server logs for details.",
    "ref": "err_9921c720"
  }
}
===== ANALYST longcat 2026-09-04 10:12:15 UTC =====
[91m[1mError: [0m{
  "name": "UnknownError",
  "data": {
    "message": "Unexpected server error. Check server logs for details.",
    "ref": "err_76a3bd35"
  }
}
===== ANALYST longcat 2026-09-04 14:25:07 UTC =====
[91m[1mError: [0m{
  "name": "UnknownError",
  "data": {
    "message": "Unexpected server error. Check server logs for details.",
    "ref": "err_94aa2fc9"
  }
}
===== ANALYST longcat 2026-09-04 17:51:04 UTC =====
[91m[1mError: [0m{
  "name": "UnknownError",
  "data": {
    "message": "Unexpected server error. Check server logs for details.",
    "ref": "err_6b3c5c6f"
  }
}
===== ANALYST longcat 2026-09-04 20:04:20 UTC =====
[91m[1mError: [0m{
  "name": "UnknownError",
  "data": {
    "message": "Unexpected server error. Check server logs for details.",
    "ref": "err_80b9bdad"
  }
}
===== ANALYST longcat 2026-09-04 22:09:53 UTC =====
[91m[1mError: [0m{
  "name": "UnknownError",
  "data": {
    "message": "Unexpected server error. Check server logs for details.",
    "ref": "err_2a5ef18e"
  }
}
===== ANALYST longcat 2026-09-05 00:15:07 UTC =====
[91m[1mError: [0m{
  "name": "UnknownError",
  "data": {
    "message": "Unexpected server error. Check server logs for details.",
    "ref": "err_b003a643"
  }
}
===== ANALYST longcat 2026-09-05 04:34:13 UTC =====
[91m[1mError: [0m{
  "name": "UnknownError",
  "data": {
    "message": "Unexpected server error. Check server logs for details.",
    "ref": "err_f6d03148"
  }
}
===== ANALYST longcat 2026-09-05 08:50:59 UTC =====
[91m[1mError: [0m{
  "name": "UnknownError",
  "data": {
    "message": "Unexpected server error. Check server logs for details.",
    "ref": "err_1d5726ab"
  }
}
===== ANALYST longcat 2026-09-05 12:20:10 UTC =====
[91m[1mError: [0m{
  "name": "UnknownError",
  "data": {
    "message": "Unexpected server error. Check server logs for details.",
    "ref": "err_db4f7ced"
  }
}
===== ANALYST longcat 2026-09-05 15:02:37 UTC =====
[91m[1mError: [0m{
  "name": "UnknownError",
  "data": {
    "message": "Unexpected server error. Check server logs for details.",
    "ref": "err_71b41e26"
  }
}
===== ANALYST longcat 2026-09-05 17:06:17 UTC =====
[91m[1mError: [0m{
  "name": "UnknownError",
  "data": {
    "message": "Unexpected server error. Check server logs for details.",
    "ref": "err_14d3ace2"
  }
}
===== ANALYST longcat 2026-09-05 18:56:58 UTC =====
[91m[1mError: [0m{
  "name": "UnknownError",
  "data": {
    "message": "Unexpected server error. Check server logs for details.",
    "ref": "err_4b83fe70"
  }
}
===== ANALYST longcat 2026-09-05 20:53:46 UTC =====
[91m[1mError: [0m{
  "name": "UnknownError",
  "data": {
    "message": "Unexpected server error. Check server logs for details.",
    "ref": "err_78c37c65"
  }
}
===== ANALYST longcat 2026-09-05 22:28:21 UTC =====
[91m[1mError: [0m{
  "name": "UnknownError",
  "data": {
    "message": "Unexpected server error. Check server logs for details.",
    "ref": "err_14b73465"
  }
}
===== ANALYST longcat 2026-09-06 00:15:48 UTC =====
[91m[1mError: [0m{
  "name": "UnknownError",
  "data": {
    "message": "Unexpected server error. Check server logs for details.",
    "ref": "err_98a3e4f3"
  }
}
===== ANALYST longcat 2026-09-06 04:41:59 UTC =====
[91m[1mError: [0m{
  "name": "UnknownError",
  "data": {
    "message": "Unexpected server error. Check server logs for details.",
    "ref": "err_10593769"
  }
}
===== ANALYST longcat 2026-09-06 08:57:09 UTC =====
[91m[1mError: [0m{
  "name": "UnknownError",
  "data": {
    "message": "Unexpected server error. Check server logs for details.",
    "ref": "err_3e4f37a9"
  }
}
===== ANALYST longcat 2026-09-06 12:28:54 UTC =====
[91m[1mError: [0m{
  "name": "UnknownError",
  "data": {
    "message": "Unexpected server error. Check server logs for details.",
    "ref": "err_c50e721a"
  }
}
===== ANALYST longcat 2026-09-06 16:02:35 UTC =====
[91m[1mError: [0m{
  "name": "UnknownError",
  "data": {
    "message": "Unexpected server error. Check server logs for details.",
    "ref": "err_fd6e43c7"
  }
}
===== ANALYST longcat 2026-09-06 18:09:34 UTC =====
[91m[1mError: [0m{
  "name": "UnknownError",
  "data": {
    "message": "Unexpected server error. Check server logs for details.",
    "ref": "err_21901395"
  }
}
===== ANALYST longcat 2026-09-06 19:58:58 UTC =====
[91m[1mError: [0m{
  "name": "UnknownError",
  "data": {
    "message": "Unexpected server error. Check server logs for details.",
    "ref": "err_1fcf848c"
  }
}
===== ANALYST longcat 2026-09-06 21:51:20 UTC =====
[91m[1mError: [0m{
  "name": "UnknownError",
  "data": {
    "message": "Unexpected server error. Check server logs for details.",
    "ref": "err_e1e16244"
  }
}
===== ANALYST longcat 2026-09-06 23:21:54 UTC =====
[91m[1mError: [0m{
  "name": "UnknownError",
  "data": {
    "message": "Unexpected server error. Check server logs for details.",
    "ref": "err_8e027864"
  }
}
===== ANALYST longcat 2026-09-07 01:08:39 UTC =====
[91m[1mError: [0m{
  "name": "UnknownError",
  "data": {
    "message": "Unexpected server error. Check server logs for details.",
    "ref": "err_b639c773"
  }
}
===== ANALYST longcat 2026-09-07 06:09:48 UTC =====
[91m[1mError: [0m{
  "name": "UnknownError",
  "data": {
    "message": "Unexpected server error. Check server logs for details.",
    "ref": "err_97a86796"
  }
}
===== ANALYST longcat 2026-09-07 12:48:25 UTC =====
[91m[1mError: [0m{
  "name": "UnknownError",
  "data": {
    "message": "Unexpected server error. Check server logs for details.",
    "ref": "err_7397ec48"
  }
}
===== ANALYST longcat 2026-09-07 18:00:22 UTC =====
[91m[1mError: [0m{
  "name": "UnknownError",
  "data": {
    "message": "Unexpected server error. Check server logs for details.",
    "ref": "err_44e699ae"
  }
}
===== ANALYST longcat 2026-09-07 21:00:34 UTC =====
[91m[1mError: [0m{
  "name": "UnknownError",
  "data": {
    "message": "Unexpected server error. Check server logs for details.",
    "ref": "err_a90579b7"
  }
}
===== ANALYST longcat 2026-09-07 23:07:47 UTC =====
[91m[1mError: [0m{
  "name": "UnknownError",
  "data": {
    "message": "Unexpected server error. Check server logs for details.",
    "ref": "err_211a8ce5"
  }
}
===== ANALYST longcat 2026-09-08 01:17:28 UTC =====
[91m[1mError: [0m{
  "name": "UnknownError",
  "data": {
    "message": "Unexpected server error. Check server logs for details.",
    "ref": "err_4a61a78e"
  }
}
===== ANALYST longcat 2026-09-08 06:04:11 UTC =====
[91m[1mError: [0m{
  "name": "UnknownError",
  "data": {
    "message": "Unexpected server error. Check server logs for details.",
    "ref": "err_53b7bc0a"
  }
}
===== ANALYST longcat 2026-09-08 10:36:18 UTC =====
[91m[1mError: [0m{
  "name": "UnknownError",
  "data": {
    "message": "Unexpected server error. Check server logs for details.",
    "ref": "err_b4a60552"
  }
}
===== ANALYST longcat 2026-09-08 14:53:43 UTC =====
[91m[1mError: [0m{
  "name": "UnknownError",
  "data": {
    "message": "Unexpected server error. Check server logs for details.",
    "ref": "err_b8617a34"
  }
}
===== ANALYST longcat 2026-09-08 18:17:59 UTC =====
[91m[1mError: [0m{
  "name": "UnknownError",
  "data": {
    "message": "Unexpected server error. Check server logs for details.",
    "ref": "err_69523626"
  }
}
===== ANALYST longcat 2026-09-08 21:14:43 UTC =====
[91m[1mError: [0m{
  "name": "UnknownError",
  "data": {
    "message": "Unexpected server error. Check server logs for details.",
    "ref": "err_51c51765"
  }
}
===== ANALYST longcat 2026-09-08 23:25:31 UTC =====
[91m[1mError: [0m{
  "name": "UnknownError",
  "data": {
    "message": "Unexpected server error. Check server logs for details.",
    "ref": "err_bd3406e8"
  }
}
===== ANALYST longcat 2026-09-09 01:31:29 UTC =====
[91m[1mError: [0m{
  "name": "UnknownError",
  "data": {
    "message": "Unexpected server error. Check server logs for details.",
    "ref": "err_ed72ffe2"
  }
}
===== ANALYST longcat 2026-09-09 06:50:32 UTC =====
[91m[1mError: [0m{
  "name": "UnknownError",
  "data": {
    "message": "Unexpected server error. Check server logs for details.",
    "ref": "err_b8f2c3ee"
  }
}
===== ANALYST longcat 2026-09-09 12:00:41 UTC =====
[91m[1mError: [0m{
  "name": "UnknownError",
  "data": {
    "message": "Unexpected server error. Check server logs for details.",
    "ref": "err_08581fdf"
  }
}
===== ANALYST longcat 2026-09-09 15:42:12 UTC =====
[91m[1mError: [0m{
  "name": "UnknownError",
  "data": {
    "message": "Unexpected server error. Check server logs for details.",
    "ref": "err_ede1f66b"
  }
}
===== ANALYST longcat 2026-09-09 18:53:03 UTC =====
[91m[1mError: [0m{
  "name": "UnknownError",
  "data": {
    "message": "Unexpected server error. Check server logs for details.",
    "ref": "err_dd8b4531"
  }
}
===== ANALYST longcat 2026-09-09 21:21:16 UTC =====
[91m[1mError: [0m{
  "name": "UnknownError",
  "data": {
    "message": "Unexpected server error. Check server logs for details.",
    "ref": "err_b8a26a6f"
  }
}
===== ANALYST longcat 2026-09-09 23:20:30 UTC =====
[91m[1mError: [0m{
  "name": "UnknownError",
  "data": {
    "message": "Unexpected server error. Check server logs for details.",
    "ref": "err_f5712473"
  }
}
===== ANALYST longcat 2026-09-10 01:10:03 UTC =====
[91m[1mError: [0m{
  "name": "UnknownError",
  "data": {
    "message": "Unexpected server error. Check server logs for details.",
    "ref": "err_a6637473"
  }
}
===== ANALYST longcat 2026-09-10 06:04:15 UTC =====
[91m[1mError: [0m{
  "name": "UnknownError",
  "data": {
    "message": "Unexpected server error. Check server logs for details.",
    "ref": "err_94a43ff7"
  }
}
===== ANALYST longcat 2026-09-10 10:40:25 UTC =====
[91m[1mError: [0m{
  "name": "UnknownError",
  "data": {
    "message": "Unexpected server error. Check server logs for details.",
    "ref": "err_ccefbe84"
  }
}
===== ANALYST longcat 2026-09-10 14:51:53 UTC =====
[91m[1mError: [0m{
  "name": "UnknownError",
  "data": {
    "message": "Unexpected server error. Check server logs for details.",
    "ref": "err_85b41ca6"
  }
}
===== ANALYST longcat 2026-09-10 18:00:00 UTC =====
[91m[1mError: [0m{
  "name": "UnknownError",
  "data": {
    "message": "Unexpected server error. Check server logs for details.",
    "ref": "err_2e04d6d2"
  }
}
===== ANALYST longcat 2026-09-10 20:11:21 UTC =====
[91m[1mError: [0m{
  "name": "UnknownError",
  "data": {
    "message": "Unexpected server error. Check server logs for details.",
    "ref": "err_7a35efe2"
  }
}
===== ANALYST longcat 2026-09-10 22:38:18 UTC =====
[91m[1mError: [0m{
  "name": "UnknownError",
  "data": {
    "message": "Unexpected server error. Check server logs for details.",
    "ref": "err_c7098f48"
  }
}
===== ANALYST longcat 2026-09-11 00:31:54 UTC =====
[91m[1mError: [0m{
  "name": "UnknownError",
  "data": {
    "message": "Unexpected server error. Check server logs for details.",
    "ref": "err_fb0f1c8a"
  }
}
===== ANALYST longcat 2026-09-11 05:14:39 UTC =====
[91m[1mError: [0m{
  "name": "UnknownError",
  "data": {
    "message": "Unexpected server error. Check server logs for details.",
    "ref": "err_da3f7ef3"
  }
}
===== ANALYST longcat 2026-09-11 09:46:07 UTC =====
[91m[1mError: [0m{
  "name": "UnknownError",
  "data": {
    "message": "Unexpected server error. Check server logs for details.",
    "ref": "err_a5d0a0f3"
  }
}
===== ANALYST longcat 2026-09-11 14:02:27 UTC =====
[91m[1mError: [0m{
  "name": "UnknownError",
  "data": {
    "message": "Unexpected server error. Check server logs for details.",
    "ref": "err_c6ac6997"
  }
}
===== ANALYST longcat 2026-09-11 17:24:48 UTC =====
[91m[1mError: [0m{
  "name": "UnknownError",
  "data": {
    "message": "Unexpected server error. Check server logs for details.",
    "ref": "err_acd143bc"
  }
}
===== ANALYST longcat 2026-09-11 20:01:24 UTC =====
[91m[1mError: [0m{
  "name": "UnknownError",
  "data": {
    "message": "Unexpected server error. Check server logs for details.",
    "ref": "err_b3257792"
  }
}
===== ANALYST longcat 2026-09-11 22:20:38 UTC =====
[91m[1mError: [0m{
  "name": "UnknownError",
  "data": {
    "message": "Unexpected server error. Check server logs for details.",
    "ref": "err_7b86dd9b"
  }
}
===== ANALYST longcat 2026-09-12 00:22:37 UTC =====
[91m[1mError: [0m{
  "name": "UnknownError",
  "data": {
    "message": "Unexpected server error. Check server logs for details.",
    "ref": "err_1930b608"
  }
}
===== ANALYST longcat 2026-09-12 04:46:37 UTC =====
[91m[1mError: [0m{
  "name": "UnknownError",
  "data": {
    "message": "Unexpected server error. Check server logs for details.",
    "ref": "err_eeb9c874"
  }
}
===== ANALYST longcat 2026-09-12 09:01:14 UTC =====
[91m[1mError: [0m{
  "name": "UnknownError",
  "data": {
    "message": "Unexpected server error. Check server logs for details.",
    "ref": "err_fffdfe34"
  }
}
===== ANALYST longcat 2026-09-12 12:31:51 UTC =====
[91m[1mError: [0m{
  "name": "UnknownError",
  "data": {
    "message": "Unexpected server error. Check server logs for details.",
    "ref": "err_b536ca52"
  }
}
===== ANALYST longcat 2026-09-12 15:58:13 UTC =====
[91m[1mError: [0m{
  "name": "UnknownError",
  "data": {
    "message": "Unexpected server error. Check server logs for details.",
    "ref": "err_b6901086"
  }
}
===== ANALYST longcat 2026-09-12 18:02:37 UTC =====
[91m[1mError: [0m{
  "name": "UnknownError",
  "data": {
    "message": "Unexpected server error. Check server logs for details.",
    "ref": "err_cac82625"
  }
}
===== ANALYST longcat 2026-09-12 19:50:05 UTC =====
[91m[1mError: [0m{
  "name": "UnknownError",
  "data": {
    "message": "Unexpected server error. Check server logs for details.",
    "ref": "err_1f4d9dc0"
  }
}
===== ANALYST longcat 2026-09-12 21:47:15 UTC =====
[91m[1mError: [0m{
  "name": "UnknownError",
  "data": {
    "message": "Unexpected server error. Check server logs for details.",
    "ref": "err_2385257e"
  }
}
===== ANALYST longcat 2026-09-12 23:32:36 UTC =====
[91m[1mError: [0m{
  "name": "UnknownError",
  "data": {
    "message": "Unexpected server error. Check server logs for details.",
    "ref": "err_21d42faf"
  }
}
===== ANALYST longcat 2026-09-13 01:24:28 UTC =====
[91m[1mError: [0m{
  "name": "UnknownError",
  "data": {
    "message": "Unexpected server error. Check server logs for details.",
    "ref": "err_2adf3a82"
  }
}
===== ANALYST longcat 2026-09-13 06:47:39 UTC =====
[91m[1mError: [0m{
  "name": "UnknownError",
  "data": {
    "message": "Unexpected server error. Check server logs for details.",
    "ref": "err_dc8b3ccf"
  }
}
===== ANALYST longcat 2026-09-13 12:27:40 UTC =====
[91m[1mError: [0m{
  "name": "UnknownError",
  "data": {
    "message": "Unexpected server error. Check server logs for details.",
    "ref": "err_1d411e2d"
  }
}
===== ANALYST longcat 2026-09-13 16:55:46 UTC =====
[91m[1mError: [0m{
  "name": "UnknownError",
  "data": {
    "message": "Unexpected server error. Check server logs for details.",
    "ref": "err_9c7c531b"
  }
}
===== ANALYST longcat 2026-09-13 18:59:54 UTC =====
[91m[1mError: [0m{
  "name": "UnknownError",
  "data": {
    "message": "Unexpected server error. Check server logs for details.",
    "ref": "err_05b96e1c"
  }
}
===== ANALYST longcat 2026-09-13 21:13:10 UTC =====
[91m[1mError: [0m{
  "name": "UnknownError",
  "data": {
    "message": "Unexpected server error. Check server logs for details.",
    "ref": "err_fd2d25dd"
  }
}
===== ANALYST longcat 2026-09-13 23:12:19 UTC =====
[91m[1mError: [0m{
  "name": "UnknownError",
  "data": {
    "message": "Unexpected server error. Check server logs for details.",
    "ref": "err_8002ee86"
  }
}
===== ANALYST longcat 2026-09-14 01:10:10 UTC =====
[91m[1mError: [0m{
  "name": "UnknownError",
  "data": {
    "message": "Unexpected server error. Check server logs for details.",
    "ref": "err_d50134f6"
  }
}
===== ANALYST longcat 2026-09-14 06:20:58 UTC =====
[91m[1mError: [0m{
  "name": "UnknownError",
  "data": {
    "message": "Unexpected server error. Check server logs for details.",
    "ref": "err_a3992295"
  }
}
===== ANALYST longcat 2026-09-14 13:04:48 UTC =====
[91m[1mError: [0m{
  "name": "UnknownError",
  "data": {
    "message": "Unexpected server error. Check server logs for details.",
    "ref": "err_348a31be"
  }
}
===== ANALYST longcat 2026-09-14 18:20:43 UTC =====
[91m[1mError: [0m{
  "name": "UnknownError",
  "data": {
    "message": "Unexpected server error. Check server logs for details.",
    "ref": "err_ba8b2ad5"
  }
}
===== ANALYST longcat 2026-09-14 21:57:34 UTC =====
[91m[1mError: [0m{
  "name": "UnknownError",
  "data": {
    "message": "Unexpected server error. Check server logs for details.",
    "ref": "err_0f0133b7"
  }
}
===== ANALYST longcat 2026-09-15 00:04:40 UTC =====
[91m[1mError: [0m{
  "name": "UnknownError",
  "data": {
    "message": "Unexpected server error. Check server logs for details.",
    "ref": "err_743120d7"
  }
}
===== ANALYST longcat 2026-09-15 05:00:31 UTC =====
[91m[1mError: [0m{
  "name": "UnknownError",
  "data": {
    "message": "Unexpected server error. Check server logs for details.",
    "ref": "err_5b05d3a0"
  }
}
===== ANALYST longcat 2026-09-15 09:46:28 UTC =====
[91m[1mError: [0m{
  "name": "UnknownError",
  "data": {
    "message": "Unexpected server error. Check server logs for details.",
    "ref": "err_04b733ba"
  }
}
===== ANALYST longcat 2026-09-15 14:51:11 UTC =====
[91m[1mError: [0m{
  "name": "UnknownError",
  "data": {
    "message": "Unexpected server error. Check server logs for details.",
    "ref": "err_b7fbed0d"
  }
}
===== ANALYST longcat 2026-09-15 18:38:47 UTC =====
[91m[1mError: [0m{
  "name": "UnknownError",
  "data": {
    "message": "Unexpected server error. Check server logs for details.",
    "ref": "err_0913e3e2"
  }
}
===== ANALYST longcat 2026-09-15 21:45:11 UTC =====
[91m[1mError: [0m{
  "name": "UnknownError",
  "data": {
    "message": "Unexpected server error. Check server logs for details.",
    "ref": "err_9b02396e"
  }
}
===== ANALYST longcat 2026-09-15 23:48:48 UTC =====
[91m[1mError: [0m{
  "name": "UnknownError",
  "data": {
    "message": "Unexpected server error. Check server logs for details.",
    "ref": "err_bd772886"
  }
}
===== ANALYST longcat 2026-09-16 01:58:31 UTC =====
[91m[1mError: [0m{
  "name": "UnknownError",
  "data": {
    "message": "Unexpected server error. Check server logs for details.",
    "ref": "err_a7e8fbbe"
  }
}
===== ANALYST longcat 2026-09-16 07:03:01 UTC =====
[91m[1mError: [0m{
  "name": "UnknownError",
  "data": {
    "message": "Unexpected server error. Check server logs for details.",
    "ref": "err_6f58b6c6"
  }
}
===== ANALYST longcat 2026-09-16 12:29:57 UTC =====
[91m[1mError: [0m{
  "name": "UnknownError",
  "data": {
    "message": "Unexpected server error. Check server logs for details.",
    "ref": "err_eb28e355"
  }
}
===== ANALYST longcat 2026-09-16 17:18:32 UTC =====
[91m[1mError: [0m{
  "name": "UnknownError",
  "data": {
    "message": "Unexpected server error. Check server logs for details.",
    "ref": "err_266ff634"
  }
}
===== ANALYST longcat 2026-09-16 20:09:54 UTC =====
[91m[1mError: [0m{
  "name": "UnknownError",
  "data": {
    "message": "Unexpected server error. Check server logs for details.",
    "ref": "err_a0b79627"
  }
}
===== ANALYST longcat 2026-09-16 22:58:04 UTC =====
[91m[1mError: [0m{
  "name": "UnknownError",
  "data": {
    "message": "Unexpected server error. Check server logs for details.",
    "ref": "err_156cafc4"
  }
}
===== ANALYST longcat 2026-09-17 00:59:42 UTC =====
[91m[1mError: [0m{
  "name": "UnknownError",
  "data": {
    "message": "Unexpected server error. Check server logs for details.",
    "ref": "err_253a6099"
  }
}
===== ANALYST longcat 2026-09-17 05:42:24 UTC =====
[91m[1mError: [0m{
  "name": "UnknownError",
  "data": {
    "message": "Unexpected server error. Check server logs for details.",
    "ref": "err_e4f6dfec"
  }
}
===== ANALYST longcat 2026-09-17 10:35:17 UTC =====
[91m[1mError: [0m{
  "name": "UnknownError",
  "data": {
    "message": "Unexpected server error. Check server logs for details.",
    "ref": "err_fd50ea7f"
  }
}
===== ANALYST longcat 2026-09-17 15:18:46 UTC =====
[91m[1mError: [0m{
  "name": "UnknownError",
  "data": {
    "message": "Unexpected server error. Check server logs for details.",
    "ref": "err_7066ed67"
  }
}
===== ANALYST longcat 2026-09-17 19:07:00 UTC =====
[91m[1mError: [0m{
  "name": "UnknownError",
  "data": {
    "message": "Unexpected server error. Check server logs for details.",
    "ref": "err_309d7359"
  }
}
===== ANALYST longcat 2026-09-17 22:11:09 UTC =====
[91m[1mError: [0m{
  "name": "UnknownError",
  "data": {
    "message": "Unexpected server error. Check server logs for details.",
    "ref": "err_03a4ead7"
  }
}
===== ANALYST longcat 2026-09-18 00:24:18 UTC =====
[91m[1mError: [0m{
  "name": "UnknownError",
  "data": {
    "message": "Unexpected server error. Check server logs for details.",
    "ref": "err_64c16b7a"
  }
}
===== ANALYST longcat 2026-09-18 05:10:12 UTC =====
[91m[1mError: [0m{
  "name": "UnknownError",
  "data": {
    "message": "Unexpected server error. Check server logs for details.",
    "ref": "err_ed67bcc8"
  }
}
===== ANALYST longcat 2026-09-18 09:50:18 UTC =====
[91m[1mError: [0m{
  "name": "UnknownError",
  "data": {
    "message": "Unexpected server error. Check server logs for details.",
    "ref": "err_82a20d84"
  }
}
===== ANALYST longcat 2026-09-18 14:04:20 UTC =====
[91m[1mError: [0m{
  "name": "UnknownError",
  "data": {
    "message": "Unexpected server error. Check server logs for details.",
    "ref": "err_373e480d"
  }
}
===== ANALYST longcat 2026-09-18 17:25:41 UTC =====
[91m[1mError: [0m{
  "name": "UnknownError",
  "data": {
    "message": "Unexpected server error. Check server logs for details.",
    "ref": "err_9499e69d"
  }
}
===== ANALYST longcat 2026-09-18 19:58:19 UTC =====
[91m[1mError: [0m{
  "name": "UnknownError",
  "data": {
    "message": "Unexpected server error. Check server logs for details.",
    "ref": "err_72b5f15b"
  }
}
===== ANALYST longcat 2026-09-18 22:07:50 UTC =====
[91m[1mError: [0m{
  "name": "UnknownError",
  "data": {
    "message": "Unexpected server error. Check server logs for details.",
    "ref": "err_9dba3218"
  }
}
===== ANALYST longcat 2026-09-18 23:56:23 UTC =====
[91m[1mError: [0m{
  "name": "UnknownError",
  "data": {
    "message": "Unexpected server error. Check server logs for details.",
    "ref": "err_f5ae30b9"
  }
}
===== ANALYST longcat 2026-09-19 01:57:11 UTC =====
[91m[1mError: [0m{
  "name": "UnknownError",
  "data": {
    "message": "Unexpected server error. Check server logs for details.",
    "ref": "err_a423d4fa"
  }
}
===== ANALYST longcat 2026-09-19 06:50:19 UTC =====
[91m[1mError: [0m{
  "name": "UnknownError",
  "data": {
    "message": "Unexpected server error. Check server logs for details.",
    "ref": "err_086a7245"
  }
}
===== ANALYST longcat 2026-09-19 11:45:19 UTC =====
[91m[1mError: [0m{
  "name": "UnknownError",
  "data": {
    "message": "Unexpected server error. Check server logs for details.",
    "ref": "err_1fdbf26c"
  }
}
===== ANALYST longcat 2026-09-19 14:59:50 UTC =====
[91m[1mError: [0m{
  "name": "UnknownError",
  "data": {
    "message": "Unexpected server error. Check server logs for details.",
    "ref": "err_3e165d9b"
  }
}
===== ANALYST longcat 2026-09-19 17:34:38 UTC =====
[91m[1mError: [0m{
  "name": "UnknownError",
  "data": {
    "message": "Unexpected server error. Check server logs for details.",
    "ref": "err_7280e30f"
  }
}
===== ANALYST longcat 2026-09-19 19:37:21 UTC =====
[91m[1mError: [0m{
  "name": "UnknownError",
  "data": {
    "message": "Unexpected server error. Check server logs for details.",
    "ref": "err_d2e06bcc"
  }
}
===== ANALYST longcat 2026-09-19 21:45:13 UTC =====
[91m[1mError: [0m{
  "name": "UnknownError",
  "data": {
    "message": "Unexpected server error. Check server logs for details.",
    "ref": "err_69ec5d59"
  }
}
===== ANALYST longcat 2026-09-19 23:43:34 UTC =====
[91m[1mError: [0m{
  "name": "UnknownError",
  "data": {
    "message": "Unexpected server error. Check server logs for details.",
    "ref": "err_40eb443d"
  }
}
===== ANALYST longcat 2026-09-20 01:57:25 UTC =====
[91m[1mError: [0m{
  "name": "UnknownError",
  "data": {
    "message": "Unexpected server error. Check server logs for details.",
    "ref": "err_69d9c24a"
  }
}
===== ANALYST longcat 2026-09-20 07:22:23 UTC =====
[91m[1mError: [0m{
  "name": "UnknownError",
  "data": {
    "message": "Unexpected server error. Check server logs for details.",
    "ref": "err_70be15d4"
  }
}
===== ANALYST longcat 2026-09-20 12:32:54 UTC =====
[91m[1mError: [0m{
  "name": "UnknownError",
  "data": {
    "message": "Unexpected server error. Check server logs for details.",
    "ref": "err_65454dfb"
  }
}
===== ANALYST longcat 2026-09-20 16:40:07 UTC =====
[91m[1mError: [0m{
  "name": "UnknownError",
  "data": {
    "message": "Unexpected server error. Check server logs for details.",
    "ref": "err_dd3e1f0a"
  }
}
===== ANALYST longcat 2026-09-20 19:03:46 UTC =====
[91m[1mError: [0m{
  "name": "UnknownError",
  "data": {
    "message": "Unexpected server error. Check server logs for details.",
    "ref": "err_7b73e8ca"
  }
}
===== ANALYST longcat 2026-09-20 21:35:34 UTC =====
[91m[1mError: [0m{
  "name": "UnknownError",
  "data": {
    "message": "Unexpected server error. Check server logs for details.",
    "ref": "err_20b205bd"
  }
}
===== ANALYST longcat 2026-09-20 23:29:08 UTC =====
[91m[1mError: [0m{
  "name": "UnknownError",
  "data": {
    "message": "Unexpected server error. Check server logs for details.",
    "ref": "err_88947ccd"
  }
}
===== ANALYST longcat 2026-09-21 01:35:51 UTC =====
[91m[1mError: [0m{
  "name": "UnknownError",
  "data": {
    "message": "Unexpected server error. Check server logs for details.",
    "ref": "err_06951f42"
  }
}
===== ANALYST longcat 2026-09-21 07:04:51 UTC =====
[91m[1mError: [0m{
  "name": "UnknownError",
  "data": {
    "message": "Unexpected server error. Check server logs for details.",
    "ref": "err_b9b66255"
  }
}
===== ANALYST longcat 2026-09-21 14:15:27 UTC =====
[91m[1mError: [0m{
  "name": "UnknownError",
  "data": {
    "message": "Unexpected server error. Check server logs for details.",
    "ref": "err_a05806d4"
  }
}
===== ANALYST longcat 2026-09-21 19:31:10 UTC =====
[91m[1mError: [0m{
  "name": "UnknownError",
  "data": {
    "message": "Unexpected server error. Check server logs for details.",
    "ref": "err_948d01df"
  }
}
===== ANALYST longcat 2026-09-21 22:49:20 UTC =====
[91m[1mError: [0m{
  "name": "UnknownError",
  "data": {
    "message": "Unexpected server error. Check server logs for details.",
    "ref": "err_2c0eb305"
  }
}
===== ANALYST longcat 2026-09-22 01:21:14 UTC =====
[91m[1mError: [0m{
  "name": "UnknownError",
  "data": {
    "message": "Unexpected server error. Check server logs for details.",
    "ref": "err_d49e12ff"
  }
}
===== ANALYST longcat 2026-09-22 06:27:05 UTC =====
[91m[1mError: [0m{
  "name": "UnknownError",
  "data": {
    "message": "Unexpected server error. Check server logs for details.",
    "ref": "err_1049020a"
  }
}
