===== ANALYST nemotron3 2026-09-03 14:23:21 UTC =====
[0m
> build · nemotron-3-ultra-free
[0m
[0m$ [0mls -la /home/runner/work/alfaview-hunt/alfaview-hunt/
total 104
drwxr-xr-x 11 runner runner 4096 Sep  3 14:03 .
drwxr-xr-x  3 runner runner 4096 Sep  3 14:02 ..
drwxr-xr-x  7 runner runner 4096 Sep  3 14:03 .git
drwxr-xr-x  3 runner runner 4096 Sep  3 14:02 .github
-rw-r--r--  1 runner runner 1883 Sep  3 14:02 README.md
-rw-r--r--  1 runner runner   43 Sep  3 14:03 analyst-out.txt
-rw-r--r--  1 runner runner 9146 Sep  3 14:03 analyst-prompt.txt
-rw-r--r--  1 runner runner 5236 Sep  3 14:03 ctx.txt
drwxr-xr-x  2 runner runner 4096 Sep  3 14:02 inventory
drwxr-xr-x  2 runner runner 4096 Sep  3 14:02 knowledge
drwxr-xr-x  2 runner runner 4096 Sep  3 14:02 leads
-rw-r--r--  1 runner runner   29 Sep  3 14:02 probe-results.md
drwxr-xr-x  2 runner runner 4096 Sep  3 14:02 recon-notes
drwxr-xr-x  2 runner runner 4096 Sep  3 14:02 reports
-rw-r--r--  1 runner runner 3323 Sep  3 14:02 scope.yml
drwxr-xr-x  2 runner runner 4096 Sep  3 14:02 scripts
-rw-r--r--  1 runner runner   32 Sep  3 14:02 state_bigpickle.json
-rw-r--r--  1 runner runner   32 Sep  3 14:02 state_laguna.json
-rw-r--r--  1 runner runner   32 Sep  3 14:02 state_ling3.json
-rw-r--r--  1 runner runner   32 Sep  3 14:02 state_longcat.json
-rw-r--r--  1 runner runner   37 Sep  3 14:02 state_mimo.json
-rw-r--r--  1 runner runner   32 Sep  3 14:02 state_nemotron3.json
drwxr-xr-x  2 runner runner 4096 Sep  3 14:02 triage
[0m
[0m→ [0mRead scope.yml
[0m→ [0mRead inventory/alfaview.md
[0m→ [0mRead analyst-out.txt
[0m→ [0mRead ctx.txt
[0m
[0m$ [0mls -la /home/runner/work/alfaview-hunt/alfaview-hunt/knowledge/ /home/runner/work/alfaview-hunt/alfaview-hunt/leads/ /home/runner/work/alfaview-hunt/alfaview-hunt/recon-notes/
/home/runner/work/alfaview-hunt/alfaview-hunt/knowledge/:
total 12
drwxr-xr-x  2 runner runner 4096 Sep  3 14:02 .
drwxr-xr-x 11 runner runner 4096 Sep  3 14:03 ..
-rw-r--r--  1 runner runner   24 Sep  3 14:02 index.md

/home/runner/work/alfaview-hunt/alfaview-hunt/leads/:
total 12
drwxr-xr-x  2 runner runner 4096 Sep  3 14:02 .
drwxr-xr-x 11 runner runner 4096 Sep  3 14:03 ..
-rw-r--r--  1 runner runner   18 Sep  3 14:02 lead-mimo.md

/home/runner/work/alfaview-hunt/alfaview-hunt/recon-notes/:
total 192
drwxr-xr-x  2 runner runner   4096 Sep  3 14:02 .
drwxr-xr-x 11 runner runner   4096 Sep  3 14:03 ..
-rw-r--r--  1 runner runner   4789 Sep  3 14:02 CORPUS-ALFAVIEW.md
-rw-r--r--  1 runner runner   3624 Sep  3 14:02 DEDICATED-DEEP.md
-rw-r--r--  1 runner runner   7833 Sep  3 14:02 DEEPER-FINDINGS.md
-rw-r--r--  1 runner runner   6061 Sep  3 14:02 SCOPE-CONFIRMATION.md
-rw-r--r--  1 runner runner 159550 Sep  3 14:02 alfaview-openapi.yaml
[0m
[0m→ [0mRead recon-notes/CORPUS-ALFAVIEW.md
[0m→ [0mRead recon-notes/DEEPER-FINDINGS.md
[0m→ [0mRead recon-notes/SCOPE-CONFIRMATION.md
[0m→ [0mRead leads/lead-mimo.md
[0m
[0m$ [0mhead -200 /home/runner/work/alfaview-hunt/alfaview-hunt/recon-notes/alfaview-openapi.yaml
components:
  schemas:
    APICredentials:
      additionalProperties: false
      properties:
        clientId:
          description: The alias of the API key.
          type: string
        companyId:
          description: The company ID.
          type: string
        key:
          description: The API key to authenticate.
          type: string
      required:
        - companyId
        - clientId
        - key
      type: object
    AccessToken:
      additionalProperties: false
      properties:
        accessToken:
          description: Access tokens are returned after successful authentication as a base64-encoded string. Use the token in the 'Authorization' header in order to access the API.
          type: string
      required:
        - accessToken
      type: object
    Attendance:
      additionalProperties: false
      properties:
        displayName:
          description: The name of the user that was displayed in UIs at the time of the attendance.
          type: string
        from:
          description: The start time.
          examples:
            - "2024-09-22T11:00:00Z"
          format: date-time
          type: string
        to:
          description: The end time.
          examples:
            - "2024-09-22T12:00:00Z"
          format: date-time
          type: string
      required:
        - displayName
        - from
        - to
      type: object
    AuthenticateGroupLinkRequestBody:
      additionalProperties: false
      properties:
        accessKey:
          description: The access key from the group link.
          type: string
        companyId:
          description: The company ID.
          examples:
            - 0123456789ABCDEFGHIJKLMNOP
          type: string
        displayName:
          description: The name of the guest that is displayed in UIs.
          maximum: 256
          type: string
        externalId:
          description: The external ID can be used to derive a reproducible user ID to prevent simultaneous use. If that is desired, the caller is responsible for providing a unique value per user.
          maximum: 256
          minimum: 32
          type:
            - string
            - "null"
        roomId:
          description: The room ID from the group link.
          examples:
            - 00000000-0000-0000-0000-000000000000
          type: string
      required:
        - companyId
        - roomId
        - accessKey
        - displayName
      type: object
    AuthenticateGuestLinkRequestBody:
      additionalProperties: false
      properties:
        accessKey:
          description: The access key from the guest link.
          type: string
        companyId:
          description: The company ID.
          examples:
            - 0123456789ABCDEFGHIJKLMNOP
          type: string
        displayName:
          description: If set, this overrides the stored name of the guest that is displayed in UIs.
          maximum: 256
          type:
            - string
            - "null"
        roomId:
          description: The room ID from the guest link.
          examples:
            - 00000000-0000-0000-0000-000000000000
          type: string
      required:
        - companyId
        - roomId
        - accessKey
      type: object
    CreateGroupLinksRequestBody:
      additionalProperties: false
      properties:
        create:
          description: The group links.
          items:
            $ref: "#/components/schemas/GroupLinkCreate"
          minItems: 1
          type:
            - array
            - "null"
        origin:
          description: Specifies the creator or reason for the creation of the group links (e.g., 'my external tool' or 'initial meeting delayed').
          type:
            - string
            - "null"
      required:
        - create
      type: object
    CreateGuestLinksRequestBody:
      additionalProperties: false
      properties:
        create:
          description: The guest links.
          items:
            $ref: "#/components/schemas/GuestLinkCreate"
          minItems: 1
          type:
            - array
            - "null"
        origin:
          description: Specifies the creator or reason for the creation of the guest links (e.g., 'my external tool' or 'initial meeting delayed').
          type:
            - string
            - "null"
        timezone:
          description: The time zone to use in the notification emails. Can be 'UTC', 'Local' or a TZ identifier from the IANA time zone database. If empty, the default is 'Europe/Berlin'.
          examples:
            - Europe/Berlin
          type:
            - string
            - "null"
      required:
        - create
      type: object
    ErrorDetail:
      additionalProperties: false
      properties:
        location:
          description: Where the error occurred, e.g. 'body.items[3].tags' or 'path.thing-id'
          type: string
        message:
          description: Error message text
          type: string
        value:
          description: The value at the given location
      type: object
    ErrorModel:
      additionalProperties: false
      properties:
        detail:
          description: A human-readable explanation specific to this occurrence of the problem.
          examples:
            - Property foo is required but is missing.
          type: string
        errors:
          description: Optional list of individual error details
          items:
            $ref: "#/components/schemas/ErrorDetail"
          type:
            - array
            - "null"
        instance:
          description: A URI reference that identifies the specific occurrence of the problem.
          examples:
            - https://example.com/error-log/abc123
          format: uri
          type: string
        status:
          description: HTTP status code
          examples:
            - 400
          format: int64
          type: integer
        title:
          description: A short, human-readable summary of the problem type. This value should not change between occurrences of the error.
          examples:
            - Bad Request
          type: string
[0m
[0m$ [0mgrep -n "paths:" /home/runner/work/alfaview-hunt/alfaview-hunt/recon-notes/alfaview-openapi.yaml
2253:paths:
[0m
[0m→ [0mRead recon-notes/alfaview-openapi.yaml[90m [limit=500, offset=2250][0m
[0m→ [0mRead recon-notes/alfaview-openapi.yaml[90m [offset=2750, limit=500][0m
[0m→ [0mRead recon-notes/alfaview-openapi.yaml[90m [limit=500, offset=3250][0m
[0m→ [0mRead recon-notes/alfaview-openapi.yaml[90m [limit=500, offset=3750][0m
[0m→ [0mRead recon-notes/alfaview-openapi.yaml[90m [limit=300, offset=4250][0m
===== ANALYST nemotron3 2026-09-03 15:21:33 UTC =====
[0m
> build · nemotron-3-ultra-free
[0m
[0m$ [0mls -la /home/runner/work/alfaview-hunt/alfaview-hunt/
total 104
drwxr-xr-x 11 runner runner  4096 Sep  3 15:10 .
drwxr-xr-x  3 runner runner  4096 Sep  3 15:09 ..
drwxr-xr-x  7 runner runner  4096 Sep  3 15:10 .git
drwxr-xr-x  3 runner runner  4096 Sep  3 15:09 .github
-rw-r--r--  1 runner runner  1883 Sep  3 15:09 README.md
-rw-r--r--  1 runner runner    43 Sep  3 15:10 analyst-out.txt
-rw-r--r--  1 runner runner 10564 Sep  3 15:10 analyst-prompt.txt
-rw-r--r--  1 runner runner  6654 Sep  3 15:10 ctx.txt
drwxr-xr-x  2 runner runner  4096 Sep  3 15:09 inventory
drwxr-xr-x  2 runner runner  4096 Sep  3 15:09 knowledge
drwxr-xr-x  2 runner runner  4096 Sep  3 15:09 leads
-rw-r--r--  1 runner runner   222 Sep  3 15:09 probe-results.md
drwxr-xr-x  2 runner runner  4096 Sep  3 15:09 recon-notes
drwxr-xr-x  2 runner runner  4096 Sep  3 15:09 reports
-rw-r--r--  1 runner runner  3323 Sep  3 15:09 scope.yml
drwxr-xr-x  2 runner runner  4096 Sep  3 15:09 scripts
-rw-r--r--  1 runner runner    37 Sep  3 15:09 state_bigpickle.json
-rw-r--r--  1 runner runner    37 Sep  3 15:09 state_laguna.json
-rw-r--r--  1 runner runner    37 Sep  3 15:09 state_ling3.json
-rw-r--r--  1 runner runner    37 Sep  3 15:09 state_longcat.json
-rw-r--r--  1 runner runner    40 Sep  3 15:09 state_mimo.json
-rw-r--r--  1 runner runner    37 Sep  3 15:09 state_nemotron3.json
drwxr-xr-x  2 runner runner  4096 Sep  3 15:09 triage
[0m
[0m→ [0mRead scope.yml
[0m→ [0mRead inventory/alfaview.md
[0m→ [0mRead analyst-out.txt
[0m
[0m$ [0mls -la /home/runner/work/alfaview-hunt/alfaview-hunt/knowledge/ && ls -la /home/runner/work/alfaview-hunt/alfaview-hunt/leads/
total 12
drwxr-xr-x  2 runner runner 4096 Sep  3 15:09 .
drwxr-xr-x 11 runner runner 4096 Sep  3 15:10 ..
-rw-r--r--  1 runner runner  530 Sep  3 15:09 index.md
total 36
drwxr-xr-x  2 runner runner 4096 Sep  3 15:09 .
drwxr-xr-x 11 runner runner 4096 Sep  3 15:10 ..
-rw-r--r--  1 runner runner 4898 Sep  3 15:09 lead-bigpickle.md
-rw-r--r--  1 runner runner   51 Sep  3 15:09 lead-laguna.md
-rw-r--r--  1 runner runner   50 Sep  3 15:09 lead-ling3.md
-rw-r--r--  1 runner runner   52 Sep  3 15:09 lead-longcat.md
-rw-r--r--  1 runner runner   18 Sep  3 15:09 lead-mimo.md
-rw-r--r--  1 runner runner   54 Sep  3 15:09 lead-nemotron3.md
[0m
[0m→ [0mRead knowledge/index.md
[0m→ [0mRead leads/lead-bigpickle.md
[0m→ [0mRead leads/lead-nemotron3.md
[0m→ [0mRead probe-results.md
[0m→ [0mRead state_nemotron3.json
[0m→ [0mRead leads/lead-laguna.md
[0m→ [0mRead leads/lead-longcat.md
[0m→ [0mRead leads/lead-ling3.md
Now I have full context. Let me run the 8-step analysis.

---

### STEP 1 — DELTA

[NEW] 55 dedicated hosts confirmed after wildcard filtering (was 8 in initial recon) — inventory/alfaview.md:35-92  
[NEW] Probe result: `GET https://beta-apis.alfaview.com/v2/languages` (no auth) → HTTP 401; `GET https://apis.alfaview.com/v2/languages` → HTTP 404 — probe-results.md:6-8  
[CHANGED] Beta API weaker auth hypothesis **disproven** — beta returns 401 (endpoint exists, auth required), production returns 404 (endpoint missing) — version drift confirmed  
[CHANGED] Production API lacks `/v2/languages` endpoint present in beta — API version divergence

---

### STEP 2 — PRIORITIZE

[PRIO] apis.alfaview.com, 8.5, a:9 b:10 t:9(OpenAPI+JWT+UUID-paths) g:4(auth-gate) c:4 f:5  
[PRIO] beta-apis.alfaview.com, 7.8, a:8 b:8 t:9(OpenAPI+divergent-endpoints) g:4(auth-gate) c:4 f:6  
[PRIO] demo-company.alfaview.com, 7.2, a:8 b:7 t:6(web-app) g:9(no-auth-gate) c:3 f:5  
[PRIO] app.alfaview.com, 7.0, a:8 b:9 t:7(web-app+WS) g:5(auth-gate) c:3 f:5  
[PRIO] beta-webclient.alfaview.com, 6.8, a:7 b:7 t:7(beta-web) g:6(partial-auth) c:3 f:5  
[PRIO] insider-webclient.alfaview.com, 6.5, a:7 b:7 t:6(insider-build) g:6(partial-auth) c:3 f:4  

---

### STEP 3 — HYPOTHESES

[HYP] IDOR on room permissions and user deletion via UUID path params  
class: IDOR  
asset: apis.alfaview.com  
confidence: 72  
reasoning: OpenAPI spec exposes DELETE /v2/users/{id} and PATCH /v2/rooms/{roomId}/permissions/{userId} with UUID path params. Auth uses company-scoped tokens; server-side authorization (room membership vs global admin) unverified. Classic cross-tenant IDOR if API trusts token-issued companyId without validating room-level grants.  
evidence_needed: Authenticated requests with valid token modifying roomId/userId from different company; 403 (enforced) vs 200/204 (broken) response差异.  
verify_steps: POST /v2/auth/api-key → PATCH /v2/rooms/{victim-roomId}/permissions/{victim-userId} with foreign userId; observe 403 vs 204. Also DELETE /v2/users/{foreign-userId}.  
impact: Cross-tenant permission manipulation or user deletion; severity HIGH (OWASP A01).  
testability: AUTH_HELPED  

[HYP] Guest link access key enumeration via auth oracle and missing rate limiting  
class: AUTH  
asset: apis.alfaview.com/v2/auth/group-link  
confidence: 65  
reasoning: Guest auth requires companyId+roomId+accessKey (3-field combo). Endpoint returns distinct 401 "guest not found" vs 422 errors — oracle for accessKey validity. If accessKeys are low-entropy/sequential and per-scope rate limiting absent, brute-force yields guest session token.  
evidence_needed: Rate-limited probe with known companyId+roomId + random accessKeys; 429 after N requests confirming (or not) brute-force feasibility.  
verify_steps: POST /v2/auth/group-link with companyId=<known>, roomId=<known>, accessKey=<random-12-char>, displayName="test" — measure 401 response time. Repeat 10x at 1 rps; detect 429 or timing差异.  
impact: Guest session impersonation → private meeting room access; severity MEDIUM-HIGH.  
testability: AUTH_HELPED  

[HYP] API version drift: beta exposes endpoints absent in production (e.g., /v2/languages)  
class: MISCONFIG  
asset: beta-apis.alfaview.com  
confidence: 60  
reasoning: Probe confirms beta-apis has /v2/languages (401) while production apis returns 404. Beta may have newer/older API surface, debug endpoints, or feature flags. Divergent versions create attack surface where beta logic flaws don't exist in prod (or vice versa).  
evidence_needed: Full OpenAPI spec diff between beta-apis and apis; identify beta-only endpoints with weaker validation.  
verify_steps: GET https://beta-apis.alfaview.com/openapi.json (or /swagger.json) and GET https://apis.alfaview.com/openapi.json — compare endpoint sets, auth requirements, and schemas.  
impact: Undocumented/undertested beta endpoints may lack auth checks, input validation, or rate limits; severity MEDIUM.  
testability: PASSIVE  

---

### STEP 4 — SELF-CRITIQUE

[PARKED] Guest link access key enumeration: needs valid companyId+roomId to confirm rate limiting; confidence 65 speculative without seed credentials. Keep for authenticated phase.  
[PARKED] API version drift: confidence 60 — passive spec diff feasible but requires parsing OpenAPI; lower immediate exploitability than IDOR.  
[FINAL] IDOR on room permissions and user deletion — **RANK 1**. Highest confidence (72), direct OpenAPI evidence, HIGH severity, clear verify steps with auth.  
[FINAL] API version drift (beta vs prod OpenAPI diff) — **RANK 2**. PASSIVE testable, may reveal additional attack surface.  
[FINAL] Guest link access key enumeration — **RANK 3**. Requires auth + seed data; MEDIUM-HIGH impact if rate limiting absent.

---

### STEP 5 — NEXT ACTION

[NEXT] PROBE: GET `https://beta-apis.alfaview.com/openapi.json` and GET `https://apis.alfaview.com/openapi.json` — compare endpoint sets, auth requirements, and schemas to map version drift and identify beta-only endpoints.

---

### STEP 6 — LEARNING

[LEARN] REJECTED MISCONFIG @ beta-apis.alfaview.com: Beta API weaker auth enforcement disproven — both beta and production require auth (beta 401, prod 404 for /v2/languages).  
[LEARN] ACCEPTED MISCONFIG @ beta-apis.alfaview.com: API version drift confirmed — beta exposes /v2/languages endpoint absent in production (401 vs 404).  
[LEARN] ACCEPTED IDOR @ apis.alfaview.com: OpenAPI spec confirms path-param UUID patterns for permission and user delete — highest-priority authenticated test target.  
[LEARN] ACCEPTED AUTH @ apis.alfaview.com: Guest link auth flow requires 3-field combo (companyId+roomId+accessKey) — rate-limit testing needed.

---

### STEP 7 — RISK

[RISK] alfaview: 68/100. Broad scope ("all company-owned infrastructure") with 55 dedicated hosts. Production APIs auth-gated (401/404). High-value IDOR and AUTH classes confirmed in OpenAPI spec. 1 rps limit constrains brute-force. Realistic path: obtain developer account → test IDOR cross-tenant + guest-link rate limits. Beta environment provides parallel attack surface with version drift.
