===== ANALYST ling3 2026-09-03 14:23:21 UTC =====
[91m[1mError: [0m{
  "name": "UnknownError",
  "data": {
    "message": "Unexpected server error. Check server logs for details.",
    "ref": "err_37e14689"
  }
}
===== ANALYST ling3 2026-09-03 15:21:33 UTC =====
[91m[1mError: [0m{
  "name": "UnknownError",
  "data": {
    "message": "Unexpected server error. Check server logs for details.",
    "ref": "err_a556eec6"
  }
}
===== ANALYST ling3 2026-09-03 18:48:37 UTC =====
[91m[1mError: [0m{
  "name": "UnknownError",
  "data": {
    "message": "Unexpected server error. Check server logs for details.",
    "ref": "err_941f431b"
  }
}
===== ANALYST ling3 2026-09-03 21:22:00 UTC =====
[91m[1mError: [0m{
  "name": "UnknownError",
  "data": {
    "message": "Unexpected server error. Check server logs for details.",
    "ref": "err_2dedb3f7"
  }
}
===== ANALYST ling3 2026-09-03 23:24:23 UTC =====
[91m[1mError: [0m{
  "name": "UnknownError",
  "data": {
    "message": "Unexpected server error. Check server logs for details.",
    "ref": "err_8409057a"
  }
}
===== ANALYST ling3 2026-09-04 01:12:26 UTC =====
[91m[1mError: [0m{
  "name": "UnknownError",
  "data": {
    "message": "Unexpected server error. Check server logs for details.",
    "ref": "err_74e77be3"
  }
}
===== ANALYST ling3 2026-09-04 06:00:56 UTC =====
[91m[1mError: [0m{
  "name": "UnknownError",
  "data": {
    "message": "Unexpected server error. Check server logs for details.",
    "ref": "err_7b8b1d8f"
  }
}
===== ANALYST ling3 2026-09-04 10:12:15 UTC =====
[91m[1mError: [0m{
  "name": "UnknownError",
  "data": {
    "message": "Unexpected server error. Check server logs for details.",
    "ref": "err_f1f4bf4a"
  }
}
===== ANALYST ling3 2026-09-04 14:25:07 UTC =====
[91m[1mError: [0m{
  "name": "UnknownError",
  "data": {
    "message": "Unexpected server error. Check server logs for details.",
    "ref": "err_386fe4d4"
  }
}
===== ANALYST ling3 2026-09-04 17:51:04 UTC =====
[91m[1mError: [0m{
  "name": "UnknownError",
  "data": {
    "message": "Unexpected server error. Check server logs for details.",
    "ref": "err_bf3b8e05"
  }
}
===== ANALYST ling3 2026-09-04 20:04:20 UTC =====
[91m[1mError: [0m{
  "name": "UnknownError",
  "data": {
    "message": "Unexpected server error. Check server logs for details.",
    "ref": "err_c5e053ac"
  }
}
===== ANALYST ling3 2026-09-04 22:09:53 UTC =====
[91m[1mError: [0m{
  "name": "UnknownError",
  "data": {
    "message": "Unexpected server error. Check server logs for details.",
    "ref": "err_d45a3dd7"
  }
}
===== ANALYST ling3 2026-09-05 00:15:07 UTC =====
[91m[1mError: [0m{
  "name": "UnknownError",
  "data": {
    "message": "Unexpected server error. Check server logs for details.",
    "ref": "err_235a4632"
  }
}
===== ANALYST ling3 2026-09-05 04:34:13 UTC =====
[91m[1mError: [0m{
  "name": "UnknownError",
  "data": {
    "message": "Unexpected server error. Check server logs for details.",
    "ref": "err_731a78ce"
  }
}
===== ANALYST ling3 2026-09-05 08:50:59 UTC =====
[91m[1mError: [0m{
  "name": "UnknownError",
  "data": {
    "message": "Unexpected server error. Check server logs for details.",
    "ref": "err_818714cc"
  }
}
===== ANALYST ling3 2026-09-05 12:20:10 UTC =====
[91m[1mError: [0m{
  "name": "UnknownError",
  "data": {
    "message": "Unexpected server error. Check server logs for details.",
    "ref": "err_8216e243"
  }
}
===== ANALYST ling3 2026-09-05 15:02:37 UTC =====
[91m[1mError: [0m{
  "name": "UnknownError",
  "data": {
    "message": "Unexpected server error. Check server logs for details.",
    "ref": "err_f88630a7"
  }
}
===== ANALYST ling3 2026-09-05 17:06:17 UTC =====
[91m[1mError: [0m{
  "name": "UnknownError",
  "data": {
    "message": "Unexpected server error. Check server logs for details.",
    "ref": "err_5cdbd492"
  }
}
===== ANALYST ling3 2026-09-05 18:56:58 UTC =====
[91m[1mError: [0m{
  "name": "UnknownError",
  "data": {
    "message": "Unexpected server error. Check server logs for details.",
    "ref": "err_a875f65a"
  }
}
===== ANALYST ling3 2026-09-05 20:53:46 UTC =====
[91m[1mError: [0m{
  "name": "UnknownError",
  "data": {
    "message": "Unexpected server error. Check server logs for details.",
    "ref": "err_2df471f5"
  }
}
===== ANALYST ling3 2026-09-05 22:28:21 UTC =====
[91m[1mError: [0m{
  "name": "UnknownError",
  "data": {
    "message": "Unexpected server error. Check server logs for details.",
    "ref": "err_1f09bff6"
  }
}
===== ANALYST ling3 2026-09-06 00:15:48 UTC =====
[91m[1mError: [0m{
  "name": "UnknownError",
  "data": {
    "message": "Unexpected server error. Check server logs for details.",
    "ref": "err_2663ba01"
  }
}
===== ANALYST ling3 2026-09-06 04:41:59 UTC =====
[91m[1mError: [0m{
  "name": "UnknownError",
  "data": {
    "message": "Unexpected server error. Check server logs for details.",
    "ref": "err_55f22520"
  }
}
===== ANALYST ling3 2026-09-06 08:57:09 UTC =====
[91m[1mError: [0m{
  "name": "UnknownError",
  "data": {
    "message": "Unexpected server error. Check server logs for details.",
    "ref": "err_3e3d8b42"
  }
}
===== ANALYST ling3 2026-09-06 12:28:54 UTC =====
[91m[1mError: [0m{
  "name": "UnknownError",
  "data": {
    "message": "Unexpected server error. Check server logs for details.",
    "ref": "err_c4ef1424"
  }
}
===== ANALYST ling3 2026-09-06 16:02:35 UTC =====
[91m[1mError: [0m{
  "name": "UnknownError",
  "data": {
    "message": "Unexpected server error. Check server logs for details.",
    "ref": "err_c48487d0"
  }
}
===== ANALYST ling3 2026-09-06 18:09:34 UTC =====
[91m[1mError: [0m{
  "name": "UnknownError",
  "data": {
    "message": "Unexpected server error. Check server logs for details.",
    "ref": "err_52f778bd"
  }
}
===== ANALYST ling3 2026-09-06 19:58:58 UTC =====
[91m[1mError: [0m{
  "name": "UnknownError",
  "data": {
    "message": "Unexpected server error. Check server logs for details.",
    "ref": "err_098c6bb7"
  }
}
===== ANALYST ling3 2026-09-06 21:51:20 UTC =====
[91m[1mError: [0m{
  "name": "UnknownError",
  "data": {
    "message": "Unexpected server error. Check server logs for details.",
    "ref": "err_24a8f107"
  }
}
===== ANALYST ling3 2026-09-06 23:21:54 UTC =====
[91m[1mError: [0m{
  "name": "UnknownError",
  "data": {
    "message": "Unexpected server error. Check server logs for details.",
    "ref": "err_7ba133f8"
  }
}
===== ANALYST ling3 2026-09-07 01:08:39 UTC =====
[91m[1mError: [0m{
  "name": "UnknownError",
  "data": {
    "message": "Unexpected server error. Check server logs for details.",
    "ref": "err_1e843d25"
  }
}
===== ANALYST ling3 2026-09-07 06:09:48 UTC =====
[91m[1mError: [0m{
  "name": "UnknownError",
  "data": {
    "message": "Unexpected server error. Check server logs for details.",
    "ref": "err_d2e622f4"
  }
}
===== ANALYST ling3 2026-09-07 12:48:25 UTC =====
[91m[1mError: [0m{
  "name": "UnknownError",
  "data": {
    "message": "Unexpected server error. Check server logs for details.",
    "ref": "err_834eb3a4"
  }
}
===== ANALYST ling3 2026-09-07 18:00:22 UTC =====
[91m[1mError: [0m{
  "name": "UnknownError",
  "data": {
    "message": "Unexpected server error. Check server logs for details.",
    "ref": "err_7dbec53b"
  }
}
===== ANALYST ling3 2026-09-07 21:00:34 UTC =====
[91m[1mError: [0m{
  "name": "UnknownError",
  "data": {
    "message": "Unexpected server error. Check server logs for details.",
    "ref": "err_0895685c"
  }
}
===== ANALYST ling3 2026-09-07 23:07:47 UTC =====
[91m[1mError: [0m{
  "name": "UnknownError",
  "data": {
    "message": "Unexpected server error. Check server logs for details.",
    "ref": "err_47ebde41"
  }
}
===== ANALYST ling3 2026-09-08 01:17:28 UTC =====
[91m[1mError: [0m{
  "name": "UnknownError",
  "data": {
    "message": "Unexpected server error. Check server logs for details.",
    "ref": "err_c497b1f9"
  }
}
===== ANALYST ling3 2026-09-08 06:04:11 UTC =====
[91m[1mError: [0m{
  "name": "UnknownError",
  "data": {
    "message": "Unexpected server error. Check server logs for details.",
    "ref": "err_58787b15"
  }
}
===== ANALYST ling3 2026-09-08 10:36:18 UTC =====
[91m[1mError: [0m{
  "name": "UnknownError",
  "data": {
    "message": "Unexpected server error. Check server logs for details.",
    "ref": "err_49a280bd"
  }
}
===== ANALYST ling3 2026-09-08 14:53:43 UTC =====
[91m[1mError: [0m{
  "name": "UnknownError",
  "data": {
    "message": "Unexpected server error. Check server logs for details.",
    "ref": "err_bfe3bbee"
  }
}
===== ANALYST ling3 2026-09-08 18:17:59 UTC =====
[91m[1mError: [0m{
  "name": "UnknownError",
  "data": {
    "message": "Unexpected server error. Check server logs for details.",
    "ref": "err_0dcf8620"
  }
}
===== ANALYST ling3 2026-09-08 21:14:43 UTC =====
[91m[1mError: [0m{
  "name": "UnknownError",
  "data": {
    "message": "Unexpected server error. Check server logs for details.",
    "ref": "err_8370b417"
  }
}
===== ANALYST ling3 2026-09-08 23:25:31 UTC =====
[91m[1mError: [0m{
  "name": "UnknownError",
  "data": {
    "message": "Unexpected server error. Check server logs for details.",
    "ref": "err_157c1496"
  }
}
===== ANALYST ling3 2026-09-09 01:31:29 UTC =====
[91m[1mError: [0m{
  "name": "UnknownError",
  "data": {
    "message": "Unexpected server error. Check server logs for details.",
    "ref": "err_07f5153a"
  }
}
===== ANALYST ling3 2026-09-09 06:50:32 UTC =====
[91m[1mError: [0m{
  "name": "UnknownError",
  "data": {
    "message": "Unexpected server error. Check server logs for details.",
    "ref": "err_29ee012a"
  }
}
===== ANALYST ling3 2026-09-09 12:00:41 UTC =====
[91m[1mError: [0m{
  "name": "UnknownError",
  "data": {
    "message": "Unexpected server error. Check server logs for details.",
    "ref": "err_5a9fe046"
  }
}
===== ANALYST ling3 2026-09-09 15:42:12 UTC =====
[91m[1mError: [0m{
  "name": "UnknownError",
  "data": {
    "message": "Unexpected server error. Check server logs for details.",
    "ref": "err_079e5cd3"
  }
}
===== ANALYST ling3 2026-09-09 18:53:03 UTC =====
[91m[1mError: [0m{
  "name": "UnknownError",
  "data": {
    "message": "Unexpected server error. Check server logs for details.",
    "ref": "err_c74668c8"
  }
}
===== ANALYST ling3 2026-09-09 21:21:16 UTC =====
[91m[1mError: [0m{
  "name": "UnknownError",
  "data": {
    "message": "Unexpected server error. Check server logs for details.",
    "ref": "err_79130454"
  }
}
===== ANALYST ling3 2026-09-09 23:20:30 UTC =====
[91m[1mError: [0m{
  "name": "UnknownError",
  "data": {
    "message": "Unexpected server error. Check server logs for details.",
    "ref": "err_4447d2ad"
  }
}
===== ANALYST ling3 2026-09-10 01:10:03 UTC =====
[91m[1mError: [0m{
  "name": "UnknownError",
  "data": {
    "message": "Unexpected server error. Check server logs for details.",
    "ref": "err_b2c1785a"
  }
}
===== ANALYST ling3 2026-09-10 06:04:15 UTC =====
[91m[1mError: [0m{
  "name": "UnknownError",
  "data": {
    "message": "Unexpected server error. Check server logs for details.",
    "ref": "err_5a51759a"
  }
}
===== ANALYST ling3 2026-09-10 10:40:25 UTC =====
[91m[1mError: [0m{
  "name": "UnknownError",
  "data": {
    "message": "Unexpected server error. Check server logs for details.",
    "ref": "err_60b9b38a"
  }
}
===== ANALYST ling3 2026-09-10 14:51:53 UTC =====
[91m[1mError: [0m{
  "name": "UnknownError",
  "data": {
    "message": "Unexpected server error. Check server logs for details.",
    "ref": "err_5e7be8ff"
  }
}
===== ANALYST ling3 2026-09-10 18:00:00 UTC =====
[91m[1mError: [0m{
  "name": "UnknownError",
  "data": {
    "message": "Unexpected server error. Check server logs for details.",
    "ref": "err_ca840fef"
  }
}
===== ANALYST ling3 2026-09-10 20:11:21 UTC =====
[91m[1mError: [0m{
  "name": "UnknownError",
  "data": {
    "message": "Unexpected server error. Check server logs for details.",
    "ref": "err_026e8c45"
  }
}
===== ANALYST ling3 2026-09-10 22:38:18 UTC =====
[91m[1mError: [0m{
  "name": "UnknownError",
  "data": {
    "message": "Unexpected server error. Check server logs for details.",
    "ref": "err_cbf53b1b"
  }
}
===== ANALYST ling3 2026-09-11 00:31:54 UTC =====
[91m[1mError: [0m{
  "name": "UnknownError",
  "data": {
    "message": "Unexpected server error. Check server logs for details.",
    "ref": "err_b22a090c"
  }
}
===== ANALYST ling3 2026-09-11 05:14:39 UTC =====
[91m[1mError: [0m{
  "name": "UnknownError",
  "data": {
    "message": "Unexpected server error. Check server logs for details.",
    "ref": "err_6b599716"
  }
}
===== ANALYST ling3 2026-09-11 09:46:07 UTC =====
[91m[1mError: [0m{
  "name": "UnknownError",
  "data": {
    "message": "Unexpected server error. Check server logs for details.",
    "ref": "err_78b52ffb"
  }
}
===== ANALYST ling3 2026-09-11 14:02:27 UTC =====
[91m[1mError: [0m{
  "name": "UnknownError",
  "data": {
    "message": "Unexpected server error. Check server logs for details.",
    "ref": "err_1648e9fd"
  }
}
===== ANALYST ling3 2026-09-11 17:24:48 UTC =====
[91m[1mError: [0m{
  "name": "UnknownError",
  "data": {
    "message": "Unexpected server error. Check server logs for details.",
    "ref": "err_0fc9d52e"
  }
}
===== ANALYST ling3 2026-09-11 20:01:24 UTC =====
[91m[1mError: [0m{
  "name": "UnknownError",
  "data": {
    "message": "Unexpected server error. Check server logs for details.",
    "ref": "err_835be60d"
  }
}
===== ANALYST ling3 2026-09-11 22:20:38 UTC =====
[91m[1mError: [0m{
  "name": "UnknownError",
  "data": {
    "message": "Unexpected server error. Check server logs for details.",
    "ref": "err_5cac1cb4"
  }
}
===== ANALYST ling3 2026-09-12 00:22:37 UTC =====
[91m[1mError: [0m{
  "name": "UnknownError",
  "data": {
    "message": "Unexpected server error. Check server logs for details.",
    "ref": "err_a1a9dc9f"
  }
}
===== ANALYST ling3 2026-09-12 04:46:37 UTC =====
[91m[1mError: [0m{
  "name": "UnknownError",
  "data": {
    "message": "Unexpected server error. Check server logs for details.",
    "ref": "err_25107aca"
  }
}
===== ANALYST ling3 2026-09-12 09:01:14 UTC =====
[91m[1mError: [0m{
  "name": "UnknownError",
  "data": {
    "message": "Unexpected server error. Check server logs for details.",
    "ref": "err_cba50967"
  }
}
===== ANALYST ling3 2026-09-12 12:31:51 UTC =====
[91m[1mError: [0m{
  "name": "UnknownError",
  "data": {
    "message": "Unexpected server error. Check server logs for details.",
    "ref": "err_dc2f34f9"
  }
}
===== ANALYST ling3 2026-09-12 15:58:13 UTC =====
[91m[1mError: [0m{
  "name": "UnknownError",
  "data": {
    "message": "Unexpected server error. Check server logs for details.",
    "ref": "err_e1d96569"
  }
}
===== ANALYST ling3 2026-09-12 18:02:37 UTC =====
[91m[1mError: [0m{
  "name": "UnknownError",
  "data": {
    "message": "Unexpected server error. Check server logs for details.",
    "ref": "err_8f26c3a9"
  }
}
===== ANALYST ling3 2026-09-12 19:50:05 UTC =====
[91m[1mError: [0m{
  "name": "UnknownError",
  "data": {
    "message": "Unexpected server error. Check server logs for details.",
    "ref": "err_73d309f7"
  }
}
===== ANALYST ling3 2026-09-12 21:47:15 UTC =====
[91m[1mError: [0m{
  "name": "UnknownError",
  "data": {
    "message": "Unexpected server error. Check server logs for details.",
    "ref": "err_c568b9df"
  }
}
===== ANALYST ling3 2026-09-12 23:32:36 UTC =====
[91m[1mError: [0m{
  "name": "UnknownError",
  "data": {
    "message": "Unexpected server error. Check server logs for details.",
    "ref": "err_cc0d25fc"
  }
}
===== ANALYST ling3 2026-09-13 01:24:28 UTC =====
[91m[1mError: [0m{
  "name": "UnknownError",
  "data": {
    "message": "Unexpected server error. Check server logs for details.",
    "ref": "err_9e008ec5"
  }
}
===== ANALYST ling3 2026-09-13 06:47:39 UTC =====
[91m[1mError: [0m{
  "name": "UnknownError",
  "data": {
    "message": "Unexpected server error. Check server logs for details.",
    "ref": "err_8a922b77"
  }
}
===== ANALYST ling3 2026-09-13 12:27:40 UTC =====
[91m[1mError: [0m{
  "name": "UnknownError",
  "data": {
    "message": "Unexpected server error. Check server logs for details.",
    "ref": "err_e6af7a3f"
  }
}
===== ANALYST ling3 2026-09-13 16:55:46 UTC =====
[91m[1mError: [0m{
  "name": "UnknownError",
  "data": {
    "message": "Unexpected server error. Check server logs for details.",
    "ref": "err_57c63a75"
  }
}
===== ANALYST ling3 2026-09-13 18:59:54 UTC =====
[91m[1mError: [0m{
  "name": "UnknownError",
  "data": {
    "message": "Unexpected server error. Check server logs for details.",
    "ref": "err_787d880d"
  }
}
===== ANALYST ling3 2026-09-13 21:13:10 UTC =====
[91m[1mError: [0m{
  "name": "UnknownError",
  "data": {
    "message": "Unexpected server error. Check server logs for details.",
    "ref": "err_f2f2660f"
  }
}
===== ANALYST ling3 2026-09-13 23:12:19 UTC =====
[91m[1mError: [0m{
  "name": "UnknownError",
  "data": {
    "message": "Unexpected server error. Check server logs for details.",
    "ref": "err_e513f7ab"
  }
}
===== ANALYST ling3 2026-09-14 01:10:10 UTC =====
[91m[1mError: [0m{
  "name": "UnknownError",
  "data": {
    "message": "Unexpected server error. Check server logs for details.",
    "ref": "err_87062f14"
  }
}
===== ANALYST ling3 2026-09-14 06:20:58 UTC =====
[91m[1mError: [0m{
  "name": "UnknownError",
  "data": {
    "message": "Unexpected server error. Check server logs for details.",
    "ref": "err_50e5b4c0"
  }
}
===== ANALYST ling3 2026-09-14 13:04:48 UTC =====
[91m[1mError: [0m{
  "name": "UnknownError",
  "data": {
    "message": "Unexpected server error. Check server logs for details.",
    "ref": "err_bf4678ff"
  }
}
===== ANALYST ling3 2026-09-14 18:20:43 UTC =====
[91m[1mError: [0m{
  "name": "UnknownError",
  "data": {
    "message": "Unexpected server error. Check server logs for details.",
    "ref": "err_fc3edce8"
  }
}
===== ANALYST ling3 2026-09-14 21:57:34 UTC =====
[91m[1mError: [0m{
  "name": "UnknownError",
  "data": {
    "message": "Unexpected server error. Check server logs for details.",
    "ref": "err_fb705f2e"
  }
}
===== ANALYST ling3 2026-09-15 00:04:40 UTC =====
[91m[1mError: [0m{
  "name": "UnknownError",
  "data": {
    "message": "Unexpected server error. Check server logs for details.",
    "ref": "err_baa190d9"
  }
}
===== ANALYST ling3 2026-09-15 05:00:31 UTC =====
[91m[1mError: [0m{
  "name": "UnknownError",
  "data": {
    "message": "Unexpected server error. Check server logs for details.",
    "ref": "err_6f5e7ed4"
  }
}
===== ANALYST ling3 2026-09-15 09:46:28 UTC =====
[91m[1mError: [0m{
  "name": "UnknownError",
  "data": {
    "message": "Unexpected server error. Check server logs for details.",
    "ref": "err_cbd7aced"
  }
}
===== ANALYST ling3 2026-09-15 14:51:11 UTC =====
[91m[1mError: [0m{
  "name": "UnknownError",
  "data": {
    "message": "Unexpected server error. Check server logs for details.",
    "ref": "err_93de5770"
  }
}
===== ANALYST ling3 2026-09-15 18:38:47 UTC =====
[91m[1mError: [0m{
  "name": "UnknownError",
  "data": {
    "message": "Unexpected server error. Check server logs for details.",
    "ref": "err_6aa3f35a"
  }
}
===== ANALYST ling3 2026-09-15 21:45:11 UTC =====
[91m[1mError: [0m{
  "name": "UnknownError",
  "data": {
    "message": "Unexpected server error. Check server logs for details.",
    "ref": "err_98e402a3"
  }
}
===== ANALYST ling3 2026-09-15 23:48:48 UTC =====
[91m[1mError: [0m{
  "name": "UnknownError",
  "data": {
    "message": "Unexpected server error. Check server logs for details.",
    "ref": "err_1b5acf2c"
  }
}
===== ANALYST ling3 2026-09-16 01:58:31 UTC =====
[91m[1mError: [0m{
  "name": "UnknownError",
  "data": {
    "message": "Unexpected server error. Check server logs for details.",
    "ref": "err_551a3bb7"
  }
}
===== ANALYST ling3 2026-09-16 07:03:01 UTC =====
[91m[1mError: [0m{
  "name": "UnknownError",
  "data": {
    "message": "Unexpected server error. Check server logs for details.",
    "ref": "err_cf839381"
  }
}
===== ANALYST ling3 2026-09-16 12:29:57 UTC =====
[91m[1mError: [0m{
  "name": "UnknownError",
  "data": {
    "message": "Unexpected server error. Check server logs for details.",
    "ref": "err_8d60de6e"
  }
}
===== ANALYST ling3 2026-09-16 17:18:32 UTC =====
[91m[1mError: [0m{
  "name": "UnknownError",
  "data": {
    "message": "Unexpected server error. Check server logs for details.",
    "ref": "err_3537a6b0"
  }
}
===== ANALYST ling3 2026-09-16 20:09:54 UTC =====
[91m[1mError: [0m{
  "name": "UnknownError",
  "data": {
    "message": "Unexpected server error. Check server logs for details.",
    "ref": "err_1ce36ed3"
  }
}
===== ANALYST ling3 2026-09-16 22:58:04 UTC =====
[91m[1mError: [0m{
  "name": "UnknownError",
  "data": {
    "message": "Unexpected server error. Check server logs for details.",
    "ref": "err_ac376850"
  }
}
===== ANALYST ling3 2026-09-17 00:59:42 UTC =====
[91m[1mError: [0m{
  "name": "UnknownError",
  "data": {
    "message": "Unexpected server error. Check server logs for details.",
    "ref": "err_121fdf84"
  }
}
===== ANALYST ling3 2026-09-17 05:42:24 UTC =====
[91m[1mError: [0m{
  "name": "UnknownError",
  "data": {
    "message": "Unexpected server error. Check server logs for details.",
    "ref": "err_45559ab7"
  }
}
===== ANALYST ling3 2026-09-17 10:35:17 UTC =====
[91m[1mError: [0m{
  "name": "UnknownError",
  "data": {
    "message": "Unexpected server error. Check server logs for details.",
    "ref": "err_f5946f1c"
  }
}
===== ANALYST ling3 2026-09-17 15:18:46 UTC =====
[91m[1mError: [0m{
  "name": "UnknownError",
  "data": {
    "message": "Unexpected server error. Check server logs for details.",
    "ref": "err_81d29d60"
  }
}
===== ANALYST ling3 2026-09-17 19:07:00 UTC =====
[91m[1mError: [0m{
  "name": "UnknownError",
  "data": {
    "message": "Unexpected server error. Check server logs for details.",
    "ref": "err_bb40a21c"
  }
}
===== ANALYST ling3 2026-09-17 22:11:09 UTC =====
[91m[1mError: [0m{
  "name": "UnknownError",
  "data": {
    "message": "Unexpected server error. Check server logs for details.",
    "ref": "err_f5e66348"
  }
}
===== ANALYST ling3 2026-09-18 00:24:18 UTC =====
[91m[1mError: [0m{
  "name": "UnknownError",
  "data": {
    "message": "Unexpected server error. Check server logs for details.",
    "ref": "err_781fb8f6"
  }
}
===== ANALYST ling3 2026-09-18 05:10:12 UTC =====
[91m[1mError: [0m{
  "name": "UnknownError",
  "data": {
    "message": "Unexpected server error. Check server logs for details.",
    "ref": "err_bc61c132"
  }
}
===== ANALYST ling3 2026-09-18 09:50:18 UTC =====
[91m[1mError: [0m{
  "name": "UnknownError",
  "data": {
    "message": "Unexpected server error. Check server logs for details.",
    "ref": "err_35327f4f"
  }
}
===== ANALYST ling3 2026-09-18 14:04:20 UTC =====
[91m[1mError: [0m{
  "name": "UnknownError",
  "data": {
    "message": "Unexpected server error. Check server logs for details.",
    "ref": "err_2ca53d83"
  }
}
===== ANALYST ling3 2026-09-18 17:25:41 UTC =====
[91m[1mError: [0m{
  "name": "UnknownError",
  "data": {
    "message": "Unexpected server error. Check server logs for details.",
    "ref": "err_b51101a3"
  }
}
===== ANALYST ling3 2026-09-18 19:58:19 UTC =====
[91m[1mError: [0m{
  "name": "UnknownError",
  "data": {
    "message": "Unexpected server error. Check server logs for details.",
    "ref": "err_19fc6e5b"
  }
}
===== ANALYST ling3 2026-09-18 22:07:50 UTC =====
[91m[1mError: [0m{
  "name": "UnknownError",
  "data": {
    "message": "Unexpected server error. Check server logs for details.",
    "ref": "err_0f1bda5f"
  }
}
===== ANALYST ling3 2026-09-18 23:56:23 UTC =====
[91m[1mError: [0m{
  "name": "UnknownError",
  "data": {
    "message": "Unexpected server error. Check server logs for details.",
    "ref": "err_48eabc61"
  }
}
===== ANALYST ling3 2026-09-19 01:57:11 UTC =====
[91m[1mError: [0m{
  "name": "UnknownError",
  "data": {
    "message": "Unexpected server error. Check server logs for details.",
    "ref": "err_a330e9d5"
  }
}
===== ANALYST ling3 2026-09-19 06:50:19 UTC =====
[91m[1mError: [0m{
  "name": "UnknownError",
  "data": {
    "message": "Unexpected server error. Check server logs for details.",
    "ref": "err_79ff4aa1"
  }
}
===== ANALYST ling3 2026-09-19 11:45:19 UTC =====
[91m[1mError: [0m{
  "name": "UnknownError",
  "data": {
    "message": "Unexpected server error. Check server logs for details.",
    "ref": "err_dce7f392"
  }
}
===== ANALYST ling3 2026-09-19 14:59:50 UTC =====
[91m[1mError: [0m{
  "name": "UnknownError",
  "data": {
    "message": "Unexpected server error. Check server logs for details.",
    "ref": "err_8a321302"
  }
}
===== ANALYST ling3 2026-09-19 17:34:38 UTC =====
[91m[1mError: [0m{
  "name": "UnknownError",
  "data": {
    "message": "Unexpected server error. Check server logs for details.",
    "ref": "err_512380b3"
  }
}
===== ANALYST ling3 2026-09-19 19:37:21 UTC =====
[91m[1mError: [0m{
  "name": "UnknownError",
  "data": {
    "message": "Unexpected server error. Check server logs for details.",
    "ref": "err_46c87ede"
  }
}
===== ANALYST ling3 2026-09-19 21:45:13 UTC =====
[91m[1mError: [0m{
  "name": "UnknownError",
  "data": {
    "message": "Unexpected server error. Check server logs for details.",
    "ref": "err_85f989d5"
  }
}
===== ANALYST ling3 2026-09-19 23:43:34 UTC =====
[91m[1mError: [0m{
  "name": "UnknownError",
  "data": {
    "message": "Unexpected server error. Check server logs for details.",
    "ref": "err_02336ac2"
  }
}
===== ANALYST ling3 2026-09-20 01:57:25 UTC =====
[91m[1mError: [0m{
  "name": "UnknownError",
  "data": {
    "message": "Unexpected server error. Check server logs for details.",
    "ref": "err_d8f82960"
  }
}
===== ANALYST ling3 2026-09-20 07:22:23 UTC =====
[91m[1mError: [0m{
  "name": "UnknownError",
  "data": {
    "message": "Unexpected server error. Check server logs for details.",
    "ref": "err_cb856fbc"
  }
}
===== ANALYST ling3 2026-09-20 12:32:54 UTC =====
[91m[1mError: [0m{
  "name": "UnknownError",
  "data": {
    "message": "Unexpected server error. Check server logs for details.",
    "ref": "err_d7c74267"
  }
}
===== ANALYST ling3 2026-09-20 16:40:07 UTC =====
[91m[1mError: [0m{
  "name": "UnknownError",
  "data": {
    "message": "Unexpected server error. Check server logs for details.",
    "ref": "err_2b138435"
  }
}
===== ANALYST ling3 2026-09-20 19:03:46 UTC =====
[91m[1mError: [0m{
  "name": "UnknownError",
  "data": {
    "message": "Unexpected server error. Check server logs for details.",
    "ref": "err_b052cfd7"
  }
}
===== ANALYST ling3 2026-09-20 21:35:34 UTC =====
[91m[1mError: [0m{
  "name": "UnknownError",
  "data": {
    "message": "Unexpected server error. Check server logs for details.",
    "ref": "err_8920d32d"
  }
}
===== ANALYST ling3 2026-09-20 23:29:08 UTC =====
[91m[1mError: [0m{
  "name": "UnknownError",
  "data": {
    "message": "Unexpected server error. Check server logs for details.",
    "ref": "err_4a987b5c"
  }
}
===== ANALYST ling3 2026-09-21 01:35:51 UTC =====
[91m[1mError: [0m{
  "name": "UnknownError",
  "data": {
    "message": "Unexpected server error. Check server logs for details.",
    "ref": "err_e545e4c9"
  }
}
===== ANALYST ling3 2026-09-21 07:04:51 UTC =====
[91m[1mError: [0m{
  "name": "UnknownError",
  "data": {
    "message": "Unexpected server error. Check server logs for details.",
    "ref": "err_60da8b1b"
  }
}
===== ANALYST ling3 2026-09-21 14:15:27 UTC =====
[91m[1mError: [0m{
  "name": "UnknownError",
  "data": {
    "message": "Unexpected server error. Check server logs for details.",
    "ref": "err_a15593dd"
  }
}
===== ANALYST ling3 2026-09-21 19:31:10 UTC =====
[91m[1mError: [0m{
  "name": "UnknownError",
  "data": {
    "message": "Unexpected server error. Check server logs for details.",
    "ref": "err_c1954b58"
  }
}
===== ANALYST ling3 2026-09-21 22:49:20 UTC =====
[91m[1mError: [0m{
  "name": "UnknownError",
  "data": {
    "message": "Unexpected server error. Check server logs for details.",
    "ref": "err_8589296b"
  }
}
===== ANALYST ling3 2026-09-22 01:21:14 UTC =====
[91m[1mError: [0m{
  "name": "UnknownError",
  "data": {
    "message": "Unexpected server error. Check server logs for details.",
    "ref": "err_dd6fb0b6"
  }
}
===== ANALYST ling3 2026-09-22 06:27:05 UTC =====
[91m[1mError: [0m{
  "name": "UnknownError",
  "data": {
    "message": "Unexpected server error. Check server logs for details.",
    "ref": "err_63678aa3"
  }
}
===== ANALYST ling3 2026-09-22 11:51:47 UTC =====
[91m[1mError: [0m{
  "name": "UnknownError",
  "data": {
    "message": "Unexpected server error. Check server logs for details.",
    "ref": "err_4347d4c4"
  }
}
===== ANALYST ling3 2026-09-22 15:56:24 UTC =====
[91m[1mError: [0m{
  "name": "UnknownError",
  "data": {
    "message": "Unexpected server error. Check server logs for details.",
    "ref": "err_2b0147d8"
  }
}
===== ANALYST ling3 2026-09-22 19:24:31 UTC =====
[91m[1mError: [0m{
  "name": "UnknownError",
  "data": {
    "message": "Unexpected server error. Check server logs for details.",
    "ref": "err_a242cac9"
  }
}
